Job running on tron01.umiacs.umd.edu
4018
3200
Resumed from epoch 500
Epoch [501/2000], Loss: 0.0330, LR: 0.000100
Epoch [502/2000], Loss: 0.0475, LR: 0.000100
Epoch [503/2000], Loss: 0.0352, LR: 0.000101
Epoch [504/2000], Loss: 0.0318, LR: 0.000101
Epoch [505/2000], Loss: 0.0333, LR: 0.000101
Epoch [506/2000], Loss: 0.0344, LR: 0.000101
Epoch [507/2000], Loss: 0.0328, LR: 0.000101
Epoch [508/2000], Loss: 0.0342, LR: 0.000102
Epoch [509/2000], Loss: 0.0339, LR: 0.000102
Epoch [510/2000], Loss: 0.0309, LR: 0.000102
Epoch [511/2000], Loss: 0.0341, LR: 0.000102
Epoch [512/2000], Loss: 0.0349, LR: 0.000102
Epoch [513/2000], Loss: 0.0330, LR: 0.000103
Epoch [514/2000], Loss: 0.0345, LR: 0.000103
Epoch [515/2000], Loss: 0.0330, LR: 0.000103
Epoch [516/2000], Loss: 0.0326, LR: 0.000103
Epoch [517/2000], Loss: 0.0340, LR: 0.000103
Epoch [518/2000], Loss: 0.0367, LR: 0.000104
Epoch [519/2000], Loss: 0.0327, LR: 0.000104
Epoch [520/2000], Loss: 0.0346, LR: 0.000104
Epoch [521/2000], Loss: 0.0343, LR: 0.000104
Epoch [522/2000], Loss: 0.0344, LR: 0.000104
Epoch [523/2000], Loss: 0.0329, LR: 0.000105
Epoch [524/2000], Loss: 0.0335, LR: 0.000105
Epoch [525/2000], Loss: 0.0331, LR: 0.000105
Epoch [526/2000], Loss: 0.0329, LR: 0.000105
Epoch [527/2000], Loss: 0.0339, LR: 0.000105
Epoch [528/2000], Loss: 0.0315, LR: 0.000106
Epoch [529/2000], Loss: 0.0314, LR: 0.000106
Epoch [530/2000], Loss: 0.0317, LR: 0.000106
Epoch [531/2000], Loss: 0.0338, LR: 0.000106
Epoch [532/2000], Loss: 0.0333, LR: 0.000106
Epoch [533/2000], Loss: 0.0350, LR: 0.000107
Epoch [534/2000], Loss: 0.0342, LR: 0.000107
Epoch [535/2000], Loss: 0.0313, LR: 0.000107
Epoch [536/2000], Loss: 0.0343, LR: 0.000107
Epoch [537/2000], Loss: 0.0345, LR: 0.000107
Epoch [538/2000], Loss: 0.0326, LR: 0.000108
Epoch [539/2000], Loss: 0.0325, LR: 0.000108
Epoch [540/2000], Loss: 0.0329, LR: 0.000108
Epoch [541/2000], Loss: 0.0331, LR: 0.000108
Epoch [542/2000], Loss: 0.0325, LR: 0.000108
Epoch [543/2000], Loss: 0.0309, LR: 0.000109
Epoch [544/2000], Loss: 0.0316, LR: 0.000109
Epoch [545/2000], Loss: 0.0321, LR: 0.000109
Epoch [546/2000], Loss: 0.0318, LR: 0.000109
Epoch [547/2000], Loss: 0.0312, LR: 0.000109
Epoch [548/2000], Loss: 0.0320, LR: 0.000110
Epoch [549/2000], Loss: 0.0304, LR: 0.000110
Epoch [550/2000], Loss: 0.0325, LR: 0.000110
Epoch [551/2000], Loss: 0.0311, LR: 0.000110
Epoch [552/2000], Loss: 0.0322, LR: 0.000110
Epoch [553/2000], Loss: 0.0312, LR: 0.000111
Epoch [554/2000], Loss: 0.0333, LR: 0.000111
Epoch [555/2000], Loss: 0.0319, LR: 0.000111
Epoch [556/2000], Loss: 0.0338, LR: 0.000111
Epoch [557/2000], Loss: 0.0316, LR: 0.000111
Epoch [558/2000], Loss: 0.0334, LR: 0.000112
Epoch [559/2000], Loss: 0.0309, LR: 0.000112
Epoch [560/2000], Loss: 0.0322, LR: 0.000112
Epoch [561/2000], Loss: 0.0314, LR: 0.000112
Epoch [562/2000], Loss: 0.0316, LR: 0.000112
Epoch [563/2000], Loss: 0.0341, LR: 0.000113
Epoch [564/2000], Loss: 0.0317, LR: 0.000113
Epoch [565/2000], Loss: 0.0314, LR: 0.000113
Epoch [566/2000], Loss: 0.0308, LR: 0.000113
Epoch [567/2000], Loss: 0.0295, LR: 0.000113
Epoch [568/2000], Loss: 0.0317, LR: 0.000114
Epoch [569/2000], Loss: 0.0305, LR: 0.000114
Epoch [570/2000], Loss: 0.0319, LR: 0.000114
Epoch [571/2000], Loss: 0.0304, LR: 0.000114
Epoch [572/2000], Loss: 0.0309, LR: 0.000114
Epoch [573/2000], Loss: 0.0308, LR: 0.000115
Epoch [574/2000], Loss: 0.0298, LR: 0.000115
Epoch [575/2000], Loss: 0.0696, LR: 0.000115
Epoch [576/2000], Loss: 0.0423, LR: 0.000115
Epoch [577/2000], Loss: 0.0319, LR: 0.000115
Epoch [578/2000], Loss: 0.0359, LR: 0.000116
Epoch [579/2000], Loss: 0.0325, LR: 0.000116
Epoch [580/2000], Loss: 0.0321, LR: 0.000116
Epoch [581/2000], Loss: 0.0343, LR: 0.000116
Epoch [582/2000], Loss: 0.0326, LR: 0.000116
Epoch [583/2000], Loss: 0.0313, LR: 0.000117
Epoch [584/2000], Loss: 0.0308, LR: 0.000117
Epoch [585/2000], Loss: 0.0333, LR: 0.000117
Epoch [586/2000], Loss: 0.0334, LR: 0.000117
Epoch [587/2000], Loss: 0.0310, LR: 0.000117
Epoch [588/2000], Loss: 0.0317, LR: 0.000118
Epoch [589/2000], Loss: 0.0302, LR: 0.000118
Epoch [590/2000], Loss: 0.0313, LR: 0.000118
Epoch [591/2000], Loss: 0.0312, LR: 0.000118
Epoch [592/2000], Loss: 0.0297, LR: 0.000118
Epoch [593/2000], Loss: 0.0317, LR: 0.000119
Epoch [594/2000], Loss: 0.0289, LR: 0.000119
Epoch [595/2000], Loss: 0.0320, LR: 0.000119
Epoch [596/2000], Loss: 0.0306, LR: 0.000119
Epoch [597/2000], Loss: 0.0331, LR: 0.000119
Epoch [598/2000], Loss: 0.0306, LR: 0.000120
Epoch [599/2000], Loss: 0.0311, LR: 0.000120
Epoch [600/2000], Loss: 0.0302, LR: 0.000120
Checkpoint saved at epoch 599
Step 900
Step 800
Step 700
Step 600
Step 500
Step 400
Step 300
Step 200
Step 100
Epoch [601/2000], Loss: 0.0299, LR: 0.000120
Epoch [602/2000], Loss: 0.0285, LR: 0.000120
Epoch [603/2000], Loss: 0.0307, LR: 0.000121
Epoch [604/2000], Loss: 0.0313, LR: 0.000121
Epoch [605/2000], Loss: 0.0310, LR: 0.000121
Epoch [606/2000], Loss: 0.0305, LR: 0.000121
Epoch [607/2000], Loss: 0.0287, LR: 0.000121
Epoch [608/2000], Loss: 0.0308, LR: 0.000122
Epoch [609/2000], Loss: 0.0307, LR: 0.000122
Epoch [610/2000], Loss: 0.0290, LR: 0.000122
Epoch [611/2000], Loss: 0.0303, LR: 0.000122
Epoch [612/2000], Loss: 0.0297, LR: 0.000122
Epoch [613/2000], Loss: 0.0300, LR: 0.000123
Epoch [614/2000], Loss: 0.0330, LR: 0.000123
Epoch [615/2000], Loss: 0.0285, LR: 0.000123
Epoch [616/2000], Loss: 0.0310, LR: 0.000123
Epoch [617/2000], Loss: 0.0309, LR: 0.000123
Epoch [618/2000], Loss: 0.0302, LR: 0.000124
Epoch [619/2000], Loss: 0.0298, LR: 0.000124
Epoch [620/2000], Loss: 0.0308, LR: 0.000124
Epoch [621/2000], Loss: 0.0298, LR: 0.000124
Epoch [622/2000], Loss: 0.0300, LR: 0.000124
Epoch [623/2000], Loss: 0.0309, LR: 0.000125
Epoch [624/2000], Loss: 0.0309, LR: 0.000125
Epoch [625/2000], Loss: 0.0284, LR: 0.000125
Epoch [626/2000], Loss: 0.0311, LR: 0.000125
Epoch [627/2000], Loss: 0.0300, LR: 0.000125
Epoch [628/2000], Loss: 0.0278, LR: 0.000126
Epoch [629/2000], Loss: 0.0288, LR: 0.000126
Epoch [630/2000], Loss: 0.0293, LR: 0.000126
Epoch [631/2000], Loss: 0.0298, LR: 0.000126
Epoch [632/2000], Loss: 0.0297, LR: 0.000126
Epoch [633/2000], Loss: 0.0297, LR: 0.000127
Epoch [634/2000], Loss: 0.0310, LR: 0.000127
Epoch [635/2000], Loss: 0.0497, LR: 0.000127
Epoch [636/2000], Loss: 0.0321, LR: 0.000127
Epoch [637/2000], Loss: 0.0313, LR: 0.000127
Epoch [638/2000], Loss: 0.0310, LR: 0.000128
Epoch [639/2000], Loss: 0.0309, LR: 0.000128
Epoch [640/2000], Loss: 0.0293, LR: 0.000128
Epoch [641/2000], Loss: 0.0294, LR: 0.000128
Epoch [642/2000], Loss: 0.0294, LR: 0.000128
Epoch [643/2000], Loss: 0.0277, LR: 0.000129
Epoch [644/2000], Loss: 0.0303, LR: 0.000129
Epoch [645/2000], Loss: 0.0295, LR: 0.000129
Epoch [646/2000], Loss: 0.0269, LR: 0.000129
Epoch [647/2000], Loss: 0.0296, LR: 0.000129
Epoch [648/2000], Loss: 0.0291, LR: 0.000130
Epoch [649/2000], Loss: 0.0279, LR: 0.000130
Epoch [650/2000], Loss: 0.0287, LR: 0.000130
Epoch [651/2000], Loss: 0.0290, LR: 0.000130
Epoch [652/2000], Loss: 0.0299, LR: 0.000130
Epoch [653/2000], Loss: 0.0286, LR: 0.000131
Epoch [654/2000], Loss: 0.0282, LR: 0.000131
Epoch [655/2000], Loss: 0.0282, LR: 0.000131
Epoch [656/2000], Loss: 0.0278, LR: 0.000131
Epoch [657/2000], Loss: 0.0289, LR: 0.000131
Epoch [658/2000], Loss: 0.0316, LR: 0.000132
Epoch [659/2000], Loss: 0.0284, LR: 0.000132
Epoch [660/2000], Loss: 0.0275, LR: 0.000132
Epoch [661/2000], Loss: 0.0309, LR: 0.000132
Epoch [662/2000], Loss: 0.0297, LR: 0.000132
Epoch [663/2000], Loss: 0.0290, LR: 0.000133
Epoch [664/2000], Loss: 0.0281, LR: 0.000133
Epoch [665/2000], Loss: 0.0286, LR: 0.000133
Epoch [666/2000], Loss: 0.0283, LR: 0.000133
Epoch [667/2000], Loss: 0.0286, LR: 0.000133
Epoch [668/2000], Loss: 0.0279, LR: 0.000134
Epoch [669/2000], Loss: 0.0280, LR: 0.000134
Epoch [670/2000], Loss: 0.0286, LR: 0.000134
Epoch [671/2000], Loss: 0.0296, LR: 0.000134
Epoch [672/2000], Loss: 0.0280, LR: 0.000134
Epoch [673/2000], Loss: 0.0299, LR: 0.000135
Epoch [674/2000], Loss: 0.0351, LR: 0.000135
Epoch [675/2000], Loss: 0.0290, LR: 0.000135
Epoch [676/2000], Loss: 0.0299, LR: 0.000135
Epoch [677/2000], Loss: 0.0290, LR: 0.000135
Epoch [678/2000], Loss: 0.0290, LR: 0.000136
Epoch [679/2000], Loss: 0.0293, LR: 0.000136
Epoch [680/2000], Loss: 0.0281, LR: 0.000136
Epoch [681/2000], Loss: 0.0280, LR: 0.000136
Epoch [682/2000], Loss: 0.0273, LR: 0.000136
Epoch [683/2000], Loss: 0.0288, LR: 0.000137
Epoch [684/2000], Loss: 0.0275, LR: 0.000137
Epoch [685/2000], Loss: 0.0290, LR: 0.000137
Epoch [686/2000], Loss: 0.0273, LR: 0.000137
Epoch [687/2000], Loss: 0.0277, LR: 0.000137
Epoch [688/2000], Loss: 0.0286, LR: 0.000138
Epoch [689/2000], Loss: 0.0265, LR: 0.000138
Epoch [690/2000], Loss: 0.0257, LR: 0.000138
Epoch [691/2000], Loss: 0.0277, LR: 0.000138
Epoch [692/2000], Loss: 0.0289, LR: 0.000138
Epoch [693/2000], Loss: 0.0271, LR: 0.000139
Epoch [694/2000], Loss: 0.0278, LR: 0.000139
Epoch [695/2000], Loss: 0.0284, LR: 0.000139
Epoch [696/2000], Loss: 0.0277, LR: 0.000139
Epoch [697/2000], Loss: 0.0443, LR: 0.000139
Epoch [698/2000], Loss: 0.0328, LR: 0.000140
Epoch [699/2000], Loss: 0.0263, LR: 0.000140
Epoch [700/2000], Loss: 0.0274, LR: 0.000140
Checkpoint saved at epoch 699
Epoch [701/2000], Loss: 0.0277, LR: 0.000140
Epoch [702/2000], Loss: 0.0281, LR: 0.000140
Epoch [703/2000], Loss: 0.0272, LR: 0.000141
Epoch [704/2000], Loss: 0.0285, LR: 0.000141
Epoch [705/2000], Loss: 0.0269, LR: 0.000141
Epoch [706/2000], Loss: 0.0290, LR: 0.000141
Epoch [707/2000], Loss: 0.0262, LR: 0.000141
Epoch [708/2000], Loss: 0.0284, LR: 0.000142
Epoch [709/2000], Loss: 0.0270, LR: 0.000142
Epoch [710/2000], Loss: 0.0266, LR: 0.000142
Epoch [711/2000], Loss: 0.0276, LR: 0.000142
Epoch [712/2000], Loss: 0.0270, LR: 0.000142
Epoch [713/2000], Loss: 0.0278, LR: 0.000143
Epoch [714/2000], Loss: 0.0250, LR: 0.000143
Epoch [715/2000], Loss: 0.0264, LR: 0.000143
Epoch [716/2000], Loss: 0.0269, LR: 0.000143
Epoch [717/2000], Loss: 0.0274, LR: 0.000143
Epoch [718/2000], Loss: 0.0275, LR: 0.000144
Epoch [719/2000], Loss: 0.0256, LR: 0.000144
Epoch [720/2000], Loss: 0.0265, LR: 0.000144
Epoch [721/2000], Loss: 0.0270, LR: 0.000144
Epoch [722/2000], Loss: 0.0277, LR: 0.000144
Epoch [723/2000], Loss: 0.0261, LR: 0.000145
Epoch [724/2000], Loss: 0.0278, LR: 0.000145
Epoch [725/2000], Loss: 0.0277, LR: 0.000145
Epoch [726/2000], Loss: 0.0265, LR: 0.000145
Epoch [727/2000], Loss: 0.0274, LR: 0.000145
Epoch [728/2000], Loss: 0.0276, LR: 0.000146
Epoch [729/2000], Loss: 0.0272, LR: 0.000146
Epoch [730/2000], Loss: 0.0307, LR: 0.000146
Epoch [731/2000], Loss: 0.0270, LR: 0.000146
Epoch [732/2000], Loss: 0.0279, LR: 0.000146
Epoch [733/2000], Loss: 0.0267, LR: 0.000147
Epoch [734/2000], Loss: 0.0259, LR: 0.000147
Epoch [735/2000], Loss: 0.0244, LR: 0.000147
Epoch [736/2000], Loss: 0.0263, LR: 0.000147
Epoch [737/2000], Loss: 0.0254, LR: 0.000147
Epoch [738/2000], Loss: 0.0277, LR: 0.000148
Epoch [739/2000], Loss: 0.0272, LR: 0.000148
Epoch [740/2000], Loss: 0.0254, LR: 0.000148
Epoch [741/2000], Loss: 0.0249, LR: 0.000148
Epoch [742/2000], Loss: 0.0261, LR: 0.000148
Epoch [743/2000], Loss: 0.0254, LR: 0.000149
Epoch [744/2000], Loss: 0.0255, LR: 0.000149
Epoch [745/2000], Loss: 0.0281, LR: 0.000149
Epoch [746/2000], Loss: 0.0251, LR: 0.000149
Epoch [747/2000], Loss: 0.0271, LR: 0.000149
Epoch [748/2000], Loss: 0.0260, LR: 0.000150
Epoch [749/2000], Loss: 0.0248, LR: 0.000150
Epoch [750/2000], Loss: 0.0252, LR: 0.000150
Epoch [751/2000], Loss: 0.0257, LR: 0.000150
Epoch [752/2000], Loss: 0.0286, LR: 0.000150
Epoch [753/2000], Loss: 0.0255, LR: 0.000151
Epoch [754/2000], Loss: 0.0263, LR: 0.000151
Epoch [755/2000], Loss: 0.0259, LR: 0.000151
Epoch [756/2000], Loss: 0.0262, LR: 0.000151
Epoch [757/2000], Loss: 0.0268, LR: 0.000151
Epoch [758/2000], Loss: 0.0257, LR: 0.000152
Epoch [759/2000], Loss: 0.0251, LR: 0.000152
Epoch [760/2000], Loss: 0.0261, LR: 0.000152
Epoch [761/2000], Loss: 0.0280, LR: 0.000152
Epoch [762/2000], Loss: 0.0272, LR: 0.000152
Epoch [763/2000], Loss: 0.0255, LR: 0.000153
Epoch [764/2000], Loss: 0.0273, LR: 0.000153
Epoch [765/2000], Loss: 0.0258, LR: 0.000153
Epoch [766/2000], Loss: 0.0258, LR: 0.000153
Epoch [767/2000], Loss: 0.0257, LR: 0.000153
Epoch [768/2000], Loss: 0.0262, LR: 0.000154
Epoch [769/2000], Loss: 0.0247, LR: 0.000154
Epoch [770/2000], Loss: 0.0256, LR: 0.000154
Epoch [771/2000], Loss: 0.0291, LR: 0.000154
Epoch [772/2000], Loss: 0.0254, LR: 0.000154
Epoch [773/2000], Loss: 0.0256, LR: 0.000155
Epoch [774/2000], Loss: 0.0242, LR: 0.000155
Epoch [775/2000], Loss: 0.0254, LR: 0.000155
Epoch [776/2000], Loss: 0.0238, LR: 0.000155
Epoch [777/2000], Loss: 0.0256, LR: 0.000155
Epoch [778/2000], Loss: 0.0256, LR: 0.000156
Epoch [779/2000], Loss: 0.0246, LR: 0.000156
Epoch [780/2000], Loss: 0.0267, LR: 0.000156
Epoch [781/2000], Loss: 0.0247, LR: 0.000156
Epoch [782/2000], Loss: 0.0268, LR: 0.000156
Epoch [783/2000], Loss: 0.0249, LR: 0.000157
Epoch [784/2000], Loss: 0.0254, LR: 0.000157
Epoch [785/2000], Loss: 0.0253, LR: 0.000157
Epoch [786/2000], Loss: 0.0236, LR: 0.000157
Epoch [787/2000], Loss: 0.0252, LR: 0.000157
Epoch [788/2000], Loss: 0.0237, LR: 0.000158
Epoch [789/2000], Loss: 0.0258, LR: 0.000158
Epoch [790/2000], Loss: 0.0233, LR: 0.000158
Epoch [791/2000], Loss: 0.0249, LR: 0.000158
Epoch [792/2000], Loss: 0.0252, LR: 0.000158
Epoch [793/2000], Loss: 0.0269, LR: 0.000159
Epoch [794/2000], Loss: 0.0251, LR: 0.000159
Epoch [795/2000], Loss: 0.0258, LR: 0.000159
Epoch [796/2000], Loss: 0.0247, LR: 0.000159
Epoch [797/2000], Loss: 0.0253, LR: 0.000159
Epoch [798/2000], Loss: 0.0247, LR: 0.000160
Epoch [799/2000], Loss: 0.0247, LR: 0.000160
Epoch [800/2000], Loss: 0.0225, LR: 0.000160
Checkpoint saved at epoch 799
Epoch [801/2000], Loss: 0.0244, LR: 0.000160
Epoch [802/2000], Loss: 0.0254, LR: 0.000160
Epoch [803/2000], Loss: 0.0259, LR: 0.000161
Epoch [804/2000], Loss: 0.0256, LR: 0.000161
Epoch [805/2000], Loss: 0.0249, LR: 0.000161
Epoch [806/2000], Loss: 0.0244, LR: 0.000161
Epoch [807/2000], Loss: 0.0260, LR: 0.000161
Epoch [808/2000], Loss: 0.0258, LR: 0.000162
Epoch [809/2000], Loss: 0.0227, LR: 0.000162
Epoch [810/2000], Loss: 0.0261, LR: 0.000162
Epoch [811/2000], Loss: 0.0253, LR: 0.000162
Epoch [812/2000], Loss: 0.0242, LR: 0.000162
Epoch [813/2000], Loss: 0.0245, LR: 0.000163
Epoch [814/2000], Loss: 0.0234, LR: 0.000163
Epoch [815/2000], Loss: 0.0243, LR: 0.000163
Epoch [816/2000], Loss: 0.0243, LR: 0.000163
Epoch [817/2000], Loss: 0.0244, LR: 0.000163
Epoch [818/2000], Loss: 0.0243, LR: 0.000164
Epoch [819/2000], Loss: 0.0251, LR: 0.000164
Epoch [820/2000], Loss: 0.0244, LR: 0.000164
Epoch [821/2000], Loss: 0.0248, LR: 0.000164
Epoch [822/2000], Loss: 0.0251, LR: 0.000164
Epoch [823/2000], Loss: 0.0247, LR: 0.000165
Epoch [824/2000], Loss: 0.0239, LR: 0.000165
Epoch [825/2000], Loss: 0.0241, LR: 0.000165
Epoch [826/2000], Loss: 0.0255, LR: 0.000165
Epoch [827/2000], Loss: 0.0253, LR: 0.000165
Epoch [828/2000], Loss: 0.0228, LR: 0.000166
Epoch [829/2000], Loss: 0.0249, LR: 0.000166
Epoch [830/2000], Loss: 0.0243, LR: 0.000166
Epoch [831/2000], Loss: 0.0244, LR: 0.000166
Epoch [832/2000], Loss: 0.0300, LR: 0.000166
Epoch [833/2000], Loss: 0.0285, LR: 0.000167
Epoch [834/2000], Loss: 0.0237, LR: 0.000167
Epoch [835/2000], Loss: 0.0242, LR: 0.000167
Epoch [836/2000], Loss: 0.0233, LR: 0.000167
Epoch [837/2000], Loss: 0.0218, LR: 0.000167
Epoch [838/2000], Loss: 0.0236, LR: 0.000168
Epoch [839/2000], Loss: 0.0245, LR: 0.000168
Epoch [840/2000], Loss: 0.0242, LR: 0.000168
Epoch [841/2000], Loss: 0.0247, LR: 0.000168
Epoch [842/2000], Loss: 0.0256, LR: 0.000168
Epoch [843/2000], Loss: 0.0234, LR: 0.000169
Epoch [844/2000], Loss: 0.0235, LR: 0.000169
Epoch [845/2000], Loss: 0.0219, LR: 0.000169
Epoch [846/2000], Loss: 0.0249, LR: 0.000169
Epoch [847/2000], Loss: 0.0246, LR: 0.000169
Epoch [848/2000], Loss: 0.0215, LR: 0.000170
Epoch [849/2000], Loss: 0.0225, LR: 0.000170
Epoch [850/2000], Loss: 0.0239, LR: 0.000170
Epoch [851/2000], Loss: 0.0229, LR: 0.000170
Epoch [852/2000], Loss: 0.0226, LR: 0.000170
Epoch [853/2000], Loss: 0.0218, LR: 0.000171
Epoch [854/2000], Loss: 0.0238, LR: 0.000171
Epoch [855/2000], Loss: 0.0251, LR: 0.000171
Epoch [856/2000], Loss: 0.0224, LR: 0.000171
Epoch [857/2000], Loss: 0.0220, LR: 0.000171
Epoch [858/2000], Loss: 0.0276, LR: 0.000172
Epoch [859/2000], Loss: 0.0242, LR: 0.000172
Epoch [860/2000], Loss: 0.0249, LR: 0.000172
Epoch [861/2000], Loss: 0.0236, LR: 0.000172
Epoch [862/2000], Loss: 0.0222, LR: 0.000172
Epoch [863/2000], Loss: 0.0240, LR: 0.000173
Epoch [864/2000], Loss: 0.0239, LR: 0.000173
Epoch [865/2000], Loss: 0.0221, LR: 0.000173
Epoch [866/2000], Loss: 0.0223, LR: 0.000173
Epoch [867/2000], Loss: 0.0222, LR: 0.000173
Epoch [868/2000], Loss: 0.0241, LR: 0.000174
Epoch [869/2000], Loss: 0.0241, LR: 0.000174
Epoch [870/2000], Loss: 0.0224, LR: 0.000174
Epoch [871/2000], Loss: 0.0231, LR: 0.000174
Epoch [872/2000], Loss: 0.0229, LR: 0.000174
Epoch [873/2000], Loss: 0.0226, LR: 0.000175
Epoch [874/2000], Loss: 0.0215, LR: 0.000175
Epoch [875/2000], Loss: 0.0230, LR: 0.000175
Epoch [876/2000], Loss: 0.0225, LR: 0.000175
Epoch [877/2000], Loss: 0.0223, LR: 0.000175
Epoch [878/2000], Loss: 0.0233, LR: 0.000176
Epoch [879/2000], Loss: 0.0220, LR: 0.000176
Epoch [880/2000], Loss: 0.0230, LR: 0.000176
Epoch [881/2000], Loss: 0.0215, LR: 0.000176
Epoch [882/2000], Loss: 0.0223, LR: 0.000176
Epoch [883/2000], Loss: 0.0226, LR: 0.000177
Epoch [884/2000], Loss: 0.0218, LR: 0.000177
Epoch [885/2000], Loss: 0.0228, LR: 0.000177
Epoch [886/2000], Loss: 0.0214, LR: 0.000177
Epoch [887/2000], Loss: 0.0228, LR: 0.000177
Epoch [888/2000], Loss: 0.0230, LR: 0.000178
Epoch [889/2000], Loss: 0.0249, LR: 0.000178
Epoch [890/2000], Loss: 0.0231, LR: 0.000178
Epoch [891/2000], Loss: 0.0229, LR: 0.000178
Epoch [892/2000], Loss: 0.0230, LR: 0.000178
Epoch [893/2000], Loss: 0.0209, LR: 0.000179
Epoch [894/2000], Loss: 0.0226, LR: 0.000179
Epoch [895/2000], Loss: 0.0219, LR: 0.000179
Epoch [896/2000], Loss: 0.0213, LR: 0.000179
Epoch [897/2000], Loss: 0.0206, LR: 0.000179
Epoch [898/2000], Loss: 0.0492, LR: 0.000180
Epoch [899/2000], Loss: 0.0372, LR: 0.000180
Epoch [900/2000], Loss: 0.0290, LR: 0.000180
Checkpoint saved at epoch 899
Step 900
Step 800
Step 700
Step 600
Step 500
Step 400
Step 300
Step 200
Step 100
Epoch [901/2000], Loss: 0.0260, LR: 0.000180
Epoch [902/2000], Loss: 0.0255, LR: 0.000180
Epoch [903/2000], Loss: 0.0233, LR: 0.000181
Epoch [904/2000], Loss: 0.0246, LR: 0.000181
Epoch [905/2000], Loss: 0.0251, LR: 0.000181
Epoch [906/2000], Loss: 0.0241, LR: 0.000181
Epoch [907/2000], Loss: 0.0242, LR: 0.000181
Epoch [908/2000], Loss: 0.0237, LR: 0.000182
Epoch [909/2000], Loss: 0.0226, LR: 0.000182
Epoch [910/2000], Loss: 0.0229, LR: 0.000182
Epoch [911/2000], Loss: 0.0241, LR: 0.000182
Epoch [912/2000], Loss: 0.0235, LR: 0.000182
Epoch [913/2000], Loss: 0.0238, LR: 0.000183
Epoch [914/2000], Loss: 0.0237, LR: 0.000183
Epoch [915/2000], Loss: 0.0252, LR: 0.000183
Epoch [916/2000], Loss: 0.0236, LR: 0.000183
Epoch [917/2000], Loss: 0.0234, LR: 0.000183
Epoch [918/2000], Loss: 0.0229, LR: 0.000184
Epoch [919/2000], Loss: 0.0225, LR: 0.000184
Epoch [920/2000], Loss: 0.0230, LR: 0.000184
Epoch [921/2000], Loss: 0.0223, LR: 0.000184
Epoch [922/2000], Loss: 0.0217, LR: 0.000184
Epoch [923/2000], Loss: 0.0225, LR: 0.000185
Epoch [924/2000], Loss: 0.0226, LR: 0.000185
Epoch [925/2000], Loss: 0.0209, LR: 0.000185
Epoch [926/2000], Loss: 0.0236, LR: 0.000185
Epoch [927/2000], Loss: 0.0220, LR: 0.000185
Epoch [928/2000], Loss: 0.0238, LR: 0.000186
Epoch [929/2000], Loss: 0.0219, LR: 0.000186
Epoch [930/2000], Loss: 0.0232, LR: 0.000186
Epoch [931/2000], Loss: 0.0227, LR: 0.000186
Epoch [932/2000], Loss: 0.0234, LR: 0.000186
Epoch [933/2000], Loss: 0.0229, LR: 0.000187
Epoch [934/2000], Loss: 0.0227, LR: 0.000187
Epoch [935/2000], Loss: 0.0226, LR: 0.000187
Epoch [936/2000], Loss: 0.0221, LR: 0.000187
Epoch [937/2000], Loss: 0.0221, LR: 0.000187
Epoch [938/2000], Loss: 0.0217, LR: 0.000188
Epoch [939/2000], Loss: 0.0232, LR: 0.000188
Epoch [940/2000], Loss: 0.0209, LR: 0.000188
Epoch [941/2000], Loss: 0.0201, LR: 0.000188
Epoch [942/2000], Loss: 0.0221, LR: 0.000188
Epoch [943/2000], Loss: 0.0227, LR: 0.000189
Epoch [944/2000], Loss: 0.0227, LR: 0.000189
Epoch [945/2000], Loss: 0.0310, LR: 0.000189
Epoch [946/2000], Loss: 0.0255, LR: 0.000189
Epoch [947/2000], Loss: 0.0223, LR: 0.000189
Epoch [948/2000], Loss: 0.0222, LR: 0.000190
Epoch [949/2000], Loss: 0.0226, LR: 0.000190
Epoch [950/2000], Loss: 0.0215, LR: 0.000190
Epoch [951/2000], Loss: 0.0213, LR: 0.000190
Epoch [952/2000], Loss: 0.0213, LR: 0.000190
Epoch [953/2000], Loss: 0.0209, LR: 0.000191
Epoch [954/2000], Loss: 0.0215, LR: 0.000191
Epoch [955/2000], Loss: 0.0208, LR: 0.000191
Epoch [956/2000], Loss: 0.0221, LR: 0.000191
Epoch [957/2000], Loss: 0.0208, LR: 0.000191
Epoch [958/2000], Loss: 0.0213, LR: 0.000192
Epoch [959/2000], Loss: 0.0220, LR: 0.000192
Epoch [960/2000], Loss: 0.0208, LR: 0.000192
Epoch [961/2000], Loss: 0.0208, LR: 0.000192
Epoch [962/2000], Loss: 0.0217, LR: 0.000192
Epoch [963/2000], Loss: 0.0217, LR: 0.000193
Epoch [964/2000], Loss: 0.0209, LR: 0.000193
Epoch [965/2000], Loss: 0.0215, LR: 0.000193
Epoch [966/2000], Loss: 0.0221, LR: 0.000193
Epoch [967/2000], Loss: 0.0221, LR: 0.000193
Epoch [968/2000], Loss: 0.0215, LR: 0.000194
Epoch [969/2000], Loss: 0.0205, LR: 0.000194
Epoch [970/2000], Loss: 0.0224, LR: 0.000194
Epoch [971/2000], Loss: 0.0201, LR: 0.000194
Epoch [972/2000], Loss: 0.0222, LR: 0.000194
Epoch [973/2000], Loss: 0.0274, LR: 0.000195
Epoch [974/2000], Loss: 0.0221, LR: 0.000195
Epoch [975/2000], Loss: 0.0216, LR: 0.000195
Epoch [976/2000], Loss: 0.0230, LR: 0.000195
Epoch [977/2000], Loss: 0.0212, LR: 0.000195
Epoch [978/2000], Loss: 0.0200, LR: 0.000196
Epoch [979/2000], Loss: 0.0208, LR: 0.000196
Epoch [980/2000], Loss: 0.0212, LR: 0.000196
Epoch [981/2000], Loss: 0.0215, LR: 0.000196
Epoch [982/2000], Loss: 0.0214, LR: 0.000196
Epoch [983/2000], Loss: 0.0204, LR: 0.000197
Epoch [984/2000], Loss: 0.0215, LR: 0.000197
Epoch [985/2000], Loss: 0.0211, LR: 0.000197
Epoch [986/2000], Loss: 0.0218, LR: 0.000197
Epoch [987/2000], Loss: 0.0213, LR: 0.000197
Epoch [988/2000], Loss: 0.0215, LR: 0.000198
Epoch [989/2000], Loss: 0.0220, LR: 0.000198
Epoch [990/2000], Loss: 0.0206, LR: 0.000198
Epoch [991/2000], Loss: 0.0214, LR: 0.000198
Epoch [992/2000], Loss: 0.0231, LR: 0.000198
Epoch [993/2000], Loss: 0.0206, LR: 0.000199
Epoch [994/2000], Loss: 0.0218, LR: 0.000199
Epoch [995/2000], Loss: 0.0222, LR: 0.000199
Epoch [996/2000], Loss: 0.0216, LR: 0.000199
Epoch [997/2000], Loss: 0.0229, LR: 0.000199
Epoch [998/2000], Loss: 0.0205, LR: 0.000200
Epoch [999/2000], Loss: 0.0212, LR: 0.000200
Epoch [1000/2000], Loss: 0.0204, LR: 0.000200
Checkpoint saved at epoch 999
Epoch [1001/2000], Loss: 0.0211, LR: 0.000200
Epoch [1002/2000], Loss: 0.0215, LR: 0.000200
Epoch [1003/2000], Loss: 0.0205, LR: 0.000200
Epoch [1004/2000], Loss: 0.0199, LR: 0.000200
Epoch [1005/2000], Loss: 0.0220, LR: 0.000200
Epoch [1006/2000], Loss: 0.0225, LR: 0.000200
Epoch [1007/2000], Loss: 0.0216, LR: 0.000200
Epoch [1008/2000], Loss: 0.0208, LR: 0.000200
Epoch [1009/2000], Loss: 0.0206, LR: 0.000200
Epoch [1010/2000], Loss: 0.0194, LR: 0.000200
Epoch [1011/2000], Loss: 0.0224, LR: 0.000200
Epoch [1012/2000], Loss: 0.0202, LR: 0.000200
Epoch [1013/2000], Loss: 0.0217, LR: 0.000200
Epoch [1014/2000], Loss: 0.0204, LR: 0.000200
Epoch [1015/2000], Loss: 0.0211, LR: 0.000200
Epoch [1016/2000], Loss: 0.0206, LR: 0.000200
Epoch [1017/2000], Loss: 0.0197, LR: 0.000200
Epoch [1018/2000], Loss: 0.0222, LR: 0.000200
Epoch [1019/2000], Loss: 0.0205, LR: 0.000200
Epoch [1020/2000], Loss: 0.0208, LR: 0.000200
Epoch [1021/2000], Loss: 0.0201, LR: 0.000200
Epoch [1022/2000], Loss: 0.0209, LR: 0.000200
Epoch [1023/2000], Loss: 0.0215, LR: 0.000200
Epoch [1024/2000], Loss: 0.0223, LR: 0.000200
Epoch [1025/2000], Loss: 0.0343, LR: 0.000200
Epoch [1026/2000], Loss: 0.0304, LR: 0.000200
Epoch [1027/2000], Loss: 0.0269, LR: 0.000200
Epoch [1028/2000], Loss: 0.0234, LR: 0.000200
Epoch [1029/2000], Loss: 0.0211, LR: 0.000200
Epoch [1030/2000], Loss: 0.0222, LR: 0.000200
Epoch [1031/2000], Loss: 0.0228, LR: 0.000200
Epoch [1032/2000], Loss: 0.0203, LR: 0.000200
Epoch [1033/2000], Loss: 0.0207, LR: 0.000200
Epoch [1034/2000], Loss: 0.0220, LR: 0.000200
Epoch [1035/2000], Loss: 0.0208, LR: 0.000200
Epoch [1036/2000], Loss: 0.0201, LR: 0.000200
Epoch [1037/2000], Loss: 0.0206, LR: 0.000200
Epoch [1038/2000], Loss: 0.0201, LR: 0.000200
Epoch [1039/2000], Loss: 0.0201, LR: 0.000200
Epoch [1040/2000], Loss: 0.0202, LR: 0.000200
Epoch [1041/2000], Loss: 0.0202, LR: 0.000200
Epoch [1042/2000], Loss: 0.0217, LR: 0.000200
Epoch [1043/2000], Loss: 0.0194, LR: 0.000200
Epoch [1044/2000], Loss: 0.0210, LR: 0.000200
Epoch [1045/2000], Loss: 0.0196, LR: 0.000200
Epoch [1046/2000], Loss: 0.0191, LR: 0.000200
Epoch [1047/2000], Loss: 0.0188, LR: 0.000200
Epoch [1048/2000], Loss: 0.0203, LR: 0.000200
Epoch [1049/2000], Loss: 0.0218, LR: 0.000200
Epoch [1050/2000], Loss: 0.0205, LR: 0.000200
Epoch [1051/2000], Loss: 0.0213, LR: 0.000200
Epoch [1052/2000], Loss: 0.0209, LR: 0.000200
Epoch [1053/2000], Loss: 0.0209, LR: 0.000200
Epoch [1054/2000], Loss: 0.0199, LR: 0.000200
Epoch [1055/2000], Loss: 0.0211, LR: 0.000200
Epoch [1056/2000], Loss: 0.0190, LR: 0.000200
Epoch [1057/2000], Loss: 0.0197, LR: 0.000200
Epoch [1058/2000], Loss: 0.0186, LR: 0.000200
Epoch [1059/2000], Loss: 0.0181, LR: 0.000200
Epoch [1060/2000], Loss: 0.0210, LR: 0.000200
Epoch [1061/2000], Loss: 0.0188, LR: 0.000200
Epoch [1062/2000], Loss: 0.0209, LR: 0.000200
Epoch [1063/2000], Loss: 0.0200, LR: 0.000200
Epoch [1064/2000], Loss: 0.0197, LR: 0.000200
Epoch [1065/2000], Loss: 0.0193, LR: 0.000200
Epoch [1066/2000], Loss: 0.0191, LR: 0.000200
Epoch [1067/2000], Loss: 0.0200, LR: 0.000200
Epoch [1068/2000], Loss: 0.0199, LR: 0.000200
Epoch [1069/2000], Loss: 0.0194, LR: 0.000200
Epoch [1070/2000], Loss: 0.0183, LR: 0.000200
Epoch [1071/2000], Loss: 0.0193, LR: 0.000200
Epoch [1072/2000], Loss: 0.0209, LR: 0.000200
Epoch [1073/2000], Loss: 0.0195, LR: 0.000200
Epoch [1074/2000], Loss: 0.0190, LR: 0.000200
Epoch [1075/2000], Loss: 0.0198, LR: 0.000200
Epoch [1076/2000], Loss: 0.0199, LR: 0.000200
Epoch [1077/2000], Loss: 0.0185, LR: 0.000200
Epoch [1078/2000], Loss: 0.0192, LR: 0.000200
Epoch [1079/2000], Loss: 0.0188, LR: 0.000200
Epoch [1080/2000], Loss: 0.0194, LR: 0.000200
Epoch [1081/2000], Loss: 0.0198, LR: 0.000200
Epoch [1082/2000], Loss: 0.0176, LR: 0.000200
Epoch [1083/2000], Loss: 0.0205, LR: 0.000200
Epoch [1084/2000], Loss: 0.0205, LR: 0.000200
Epoch [1085/2000], Loss: 0.0186, LR: 0.000200
Epoch [1086/2000], Loss: 0.0192, LR: 0.000200
Epoch [1087/2000], Loss: 0.0183, LR: 0.000200
Epoch [1088/2000], Loss: 0.0182, LR: 0.000200
Epoch [1089/2000], Loss: 0.0195, LR: 0.000200
Epoch [1090/2000], Loss: 0.0189, LR: 0.000200
Epoch [1091/2000], Loss: 0.0182, LR: 0.000200
Epoch [1092/2000], Loss: 0.0199, LR: 0.000200
Epoch [1093/2000], Loss: 0.0178, LR: 0.000200
Epoch [1094/2000], Loss: 0.0191, LR: 0.000200
Epoch [1095/2000], Loss: 0.0204, LR: 0.000200
Epoch [1096/2000], Loss: 0.0184, LR: 0.000200
Epoch [1097/2000], Loss: 0.0184, LR: 0.000200
Epoch [1098/2000], Loss: 0.0177, LR: 0.000200
Epoch [1099/2000], Loss: 0.0196, LR: 0.000200
Epoch [1100/2000], Loss: 0.0194, LR: 0.000200
Checkpoint saved at epoch 1099
Epoch [1101/2000], Loss: 0.0191, LR: 0.000200
Epoch [1102/2000], Loss: 0.0193, LR: 0.000200
Epoch [1103/2000], Loss: 0.0197, LR: 0.000200
Epoch [1104/2000], Loss: 0.0208, LR: 0.000200
Epoch [1105/2000], Loss: 0.0210, LR: 0.000200
Epoch [1106/2000], Loss: 0.0204, LR: 0.000200
Epoch [1107/2000], Loss: 0.0190, LR: 0.000200
Epoch [1108/2000], Loss: 0.0201, LR: 0.000200
Epoch [1109/2000], Loss: 0.0222, LR: 0.000200
Epoch [1110/2000], Loss: 0.0213, LR: 0.000200
Epoch [1111/2000], Loss: 0.0199, LR: 0.000200
Epoch [1112/2000], Loss: 0.0189, LR: 0.000200
Epoch [1113/2000], Loss: 0.0185, LR: 0.000200
Epoch [1114/2000], Loss: 0.0191, LR: 0.000200
Epoch [1115/2000], Loss: 0.0200, LR: 0.000200
Epoch [1116/2000], Loss: 0.0188, LR: 0.000200
Epoch [1117/2000], Loss: 0.0193, LR: 0.000200
Epoch [1118/2000], Loss: 0.0186, LR: 0.000200
Epoch [1119/2000], Loss: 0.0182, LR: 0.000200
Epoch [1120/2000], Loss: 0.0175, LR: 0.000200
Epoch [1121/2000], Loss: 0.0186, LR: 0.000200
Epoch [1122/2000], Loss: 0.0196, LR: 0.000200
Epoch [1123/2000], Loss: 0.0186, LR: 0.000200
Epoch [1124/2000], Loss: 0.0194, LR: 0.000200
Epoch [1125/2000], Loss: 0.0210, LR: 0.000200
Epoch [1126/2000], Loss: 0.0192, LR: 0.000200
Epoch [1127/2000], Loss: 0.0192, LR: 0.000200
Epoch [1128/2000], Loss: 0.0183, LR: 0.000200
Epoch [1129/2000], Loss: 0.0200, LR: 0.000200
Epoch [1130/2000], Loss: 0.0190, LR: 0.000200
Epoch [1131/2000], Loss: 0.0191, LR: 0.000200
Epoch [1132/2000], Loss: 0.0198, LR: 0.000200
Epoch [1133/2000], Loss: 0.0197, LR: 0.000200
Epoch [1134/2000], Loss: 0.0201, LR: 0.000200
Epoch [1135/2000], Loss: 0.0194, LR: 0.000200
Epoch [1136/2000], Loss: 0.0178, LR: 0.000200
Epoch [1137/2000], Loss: 0.0186, LR: 0.000200
Epoch [1138/2000], Loss: 0.0180, LR: 0.000200
Epoch [1139/2000], Loss: 0.0171, LR: 0.000200
Epoch [1140/2000], Loss: 0.0203, LR: 0.000200
Epoch [1141/2000], Loss: 0.0187, LR: 0.000200
Epoch [1142/2000], Loss: 0.0187, LR: 0.000200
Epoch [1143/2000], Loss: 0.0186, LR: 0.000200
Epoch [1144/2000], Loss: 0.0174, LR: 0.000200
Epoch [1145/2000], Loss: 0.0183, LR: 0.000200
Epoch [1146/2000], Loss: 0.0187, LR: 0.000200
Epoch [1147/2000], Loss: 0.0174, LR: 0.000200
Epoch [1148/2000], Loss: 0.0186, LR: 0.000200
Epoch [1149/2000], Loss: 0.0187, LR: 0.000200
Epoch [1150/2000], Loss: 0.0187, LR: 0.000200
Epoch [1151/2000], Loss: 0.0191, LR: 0.000200
Epoch [1152/2000], Loss: 0.0187, LR: 0.000200
Epoch [1153/2000], Loss: 0.0192, LR: 0.000200
Epoch [1154/2000], Loss: 0.0188, LR: 0.000200
Epoch [1155/2000], Loss: 0.0187, LR: 0.000200
Epoch [1156/2000], Loss: 0.0180, LR: 0.000200
Epoch [1157/2000], Loss: 0.0200, LR: 0.000200
Epoch [1158/2000], Loss: 0.0194, LR: 0.000200
Epoch [1159/2000], Loss: 0.0197, LR: 0.000200
Epoch [1160/2000], Loss: 0.0185, LR: 0.000200
Epoch [1161/2000], Loss: 0.0185, LR: 0.000200
Epoch [1162/2000], Loss: 0.0178, LR: 0.000200
Epoch [1163/2000], Loss: 0.0178, LR: 0.000200
Epoch [1164/2000], Loss: 0.0192, LR: 0.000200
Epoch [1165/2000], Loss: 0.0189, LR: 0.000200
Epoch [1166/2000], Loss: 0.0184, LR: 0.000200
Epoch [1167/2000], Loss: 0.0186, LR: 0.000200
Epoch [1168/2000], Loss: 0.0182, LR: 0.000200
Epoch [1169/2000], Loss: 0.0175, LR: 0.000200
Epoch [1170/2000], Loss: 0.0172, LR: 0.000200
Epoch [1171/2000], Loss: 0.0180, LR: 0.000200
Epoch [1172/2000], Loss: 0.0168, LR: 0.000200
Epoch [1173/2000], Loss: 0.0189, LR: 0.000200
Epoch [1174/2000], Loss: 0.0176, LR: 0.000200
Epoch [1175/2000], Loss: 0.0185, LR: 0.000200
Epoch [1176/2000], Loss: 0.0187, LR: 0.000200
Epoch [1177/2000], Loss: 0.0182, LR: 0.000200
Epoch [1178/2000], Loss: 0.0184, LR: 0.000200
Epoch [1179/2000], Loss: 0.0177, LR: 0.000200
Epoch [1180/2000], Loss: 0.0183, LR: 0.000200
Epoch [1181/2000], Loss: 0.0177, LR: 0.000200
Epoch [1182/2000], Loss: 0.0166, LR: 0.000200
Epoch [1183/2000], Loss: 0.0177, LR: 0.000200
Epoch [1184/2000], Loss: 0.0188, LR: 0.000200
Epoch [1185/2000], Loss: 0.0172, LR: 0.000200
Epoch [1186/2000], Loss: 0.0173, LR: 0.000200
Epoch [1187/2000], Loss: 0.0188, LR: 0.000200
Epoch [1188/2000], Loss: 0.0180, LR: 0.000200
Epoch [1189/2000], Loss: 0.0177, LR: 0.000200
Epoch [1190/2000], Loss: 0.0180, LR: 0.000200
Epoch [1191/2000], Loss: 0.0177, LR: 0.000200
Epoch [1192/2000], Loss: 0.0171, LR: 0.000200
Epoch [1193/2000], Loss: 0.0169, LR: 0.000200
Epoch [1194/2000], Loss: 0.0190, LR: 0.000200
Epoch [1195/2000], Loss: 0.0192, LR: 0.000200
Epoch [1196/2000], Loss: 0.0188, LR: 0.000200
Epoch [1197/2000], Loss: 0.0179, LR: 0.000200
Epoch [1198/2000], Loss: 0.0197, LR: 0.000200
Epoch [1199/2000], Loss: 0.0251, LR: 0.000200
Epoch [1200/2000], Loss: 0.0207, LR: 0.000200
Checkpoint saved at epoch 1199
Step 900
Step 800
Step 700
Step 600
Step 500
Step 400
Step 300
Step 200
Step 100
Epoch [1201/2000], Loss: 0.0186, LR: 0.000200
Epoch [1202/2000], Loss: 0.0197, LR: 0.000200
Epoch [1203/2000], Loss: 0.0180, LR: 0.000200
Epoch [1204/2000], Loss: 0.0187, LR: 0.000200
Epoch [1205/2000], Loss: 0.0173, LR: 0.000200
Epoch [1206/2000], Loss: 0.0181, LR: 0.000200
Epoch [1207/2000], Loss: 0.0177, LR: 0.000200
Epoch [1208/2000], Loss: 0.0194, LR: 0.000200
Epoch [1209/2000], Loss: 0.0168, LR: 0.000200
Epoch [1210/2000], Loss: 0.0189, LR: 0.000200
Epoch [1211/2000], Loss: 0.0178, LR: 0.000200
Epoch [1212/2000], Loss: 0.0168, LR: 0.000200
Epoch [1213/2000], Loss: 0.0168, LR: 0.000200
Epoch [1214/2000], Loss: 0.0170, LR: 0.000200
Epoch [1215/2000], Loss: 0.0170, LR: 0.000200
Epoch [1216/2000], Loss: 0.0146, LR: 0.000200
Epoch [1217/2000], Loss: 0.0178, LR: 0.000200
Epoch [1218/2000], Loss: 0.0172, LR: 0.000200
Epoch [1219/2000], Loss: 0.0177, LR: 0.000200
Epoch [1220/2000], Loss: 0.0195, LR: 0.000200
Epoch [1221/2000], Loss: 0.0167, LR: 0.000200
Epoch [1222/2000], Loss: 0.0171, LR: 0.000200
Epoch [1223/2000], Loss: 0.0177, LR: 0.000200
Epoch [1224/2000], Loss: 0.0177, LR: 0.000200
Epoch [1225/2000], Loss: 0.0168, LR: 0.000200
Epoch [1226/2000], Loss: 0.0170, LR: 0.000200
Epoch [1227/2000], Loss: 0.0186, LR: 0.000200
Epoch [1228/2000], Loss: 0.0179, LR: 0.000200
Epoch [1229/2000], Loss: 0.0173, LR: 0.000200
Epoch [1230/2000], Loss: 0.0187, LR: 0.000200
Epoch [1231/2000], Loss: 0.0185, LR: 0.000200
Epoch [1232/2000], Loss: 0.0194, LR: 0.000200
Epoch [1233/2000], Loss: 0.0186, LR: 0.000200
Epoch [1234/2000], Loss: 0.0183, LR: 0.000200
Epoch [1235/2000], Loss: 0.0184, LR: 0.000200
Epoch [1236/2000], Loss: 0.0173, LR: 0.000200
Epoch [1237/2000], Loss: 0.0175, LR: 0.000200
Epoch [1238/2000], Loss: 0.0170, LR: 0.000200
Epoch [1239/2000], Loss: 0.0171, LR: 0.000200
Epoch [1240/2000], Loss: 0.0187, LR: 0.000200
Epoch [1241/2000], Loss: 0.0167, LR: 0.000200
Epoch [1242/2000], Loss: 0.0168, LR: 0.000200
Epoch [1243/2000], Loss: 0.0180, LR: 0.000200
Epoch [1244/2000], Loss: 0.0185, LR: 0.000200
Epoch [1245/2000], Loss: 0.0190, LR: 0.000200
Epoch [1246/2000], Loss: 0.0172, LR: 0.000200
Epoch [1247/2000], Loss: 0.0167, LR: 0.000200
Epoch [1248/2000], Loss: 0.0174, LR: 0.000200
Epoch [1249/2000], Loss: 0.0168, LR: 0.000200
Epoch [1250/2000], Loss: 0.0156, LR: 0.000200
Epoch [1251/2000], Loss: 0.0152, LR: 0.000200
Epoch [1252/2000], Loss: 0.0192, LR: 0.000200
Epoch [1253/2000], Loss: 0.0191, LR: 0.000200
Epoch [1254/2000], Loss: 0.0188, LR: 0.000200
Epoch [1255/2000], Loss: 0.0172, LR: 0.000200
Epoch [1256/2000], Loss: 0.0182, LR: 0.000200
Epoch [1257/2000], Loss: 0.0174, LR: 0.000200
Epoch [1258/2000], Loss: 0.0157, LR: 0.000200
Epoch [1259/2000], Loss: 0.0176, LR: 0.000200
Epoch [1260/2000], Loss: 0.0172, LR: 0.000200
Epoch [1261/2000], Loss: 0.0166, LR: 0.000200
Epoch [1262/2000], Loss: 0.0169, LR: 0.000200
Epoch [1263/2000], Loss: 0.0189, LR: 0.000200
Epoch [1264/2000], Loss: 0.0160, LR: 0.000200
Epoch [1265/2000], Loss: 0.0164, LR: 0.000200
Epoch [1266/2000], Loss: 0.0167, LR: 0.000200
Epoch [1267/2000], Loss: 0.0175, LR: 0.000200
Epoch [1268/2000], Loss: 0.0172, LR: 0.000200
Epoch [1269/2000], Loss: 0.0165, LR: 0.000200
Epoch [1270/2000], Loss: 0.0165, LR: 0.000200
Epoch [1271/2000], Loss: 0.0165, LR: 0.000200
Epoch [1272/2000], Loss: 0.0157, LR: 0.000200
Epoch [1273/2000], Loss: 0.0158, LR: 0.000200
Epoch [1274/2000], Loss: 0.0181, LR: 0.000200
Epoch [1275/2000], Loss: 0.0162, LR: 0.000200
Epoch [1276/2000], Loss: 0.0172, LR: 0.000200
Epoch [1277/2000], Loss: 0.0153, LR: 0.000200
Epoch [1278/2000], Loss: 0.0168, LR: 0.000200
Epoch [1279/2000], Loss: 0.0193, LR: 0.000200
Epoch [1280/2000], Loss: 0.0173, LR: 0.000200
Epoch [1281/2000], Loss: 0.0165, LR: 0.000200
Epoch [1282/2000], Loss: 0.0178, LR: 0.000200
Epoch [1283/2000], Loss: 0.0168, LR: 0.000200
Epoch [1284/2000], Loss: 0.0183, LR: 0.000200
Epoch [1285/2000], Loss: 0.0188, LR: 0.000200
Epoch [1286/2000], Loss: 0.0180, LR: 0.000200
Epoch [1287/2000], Loss: 0.0181, LR: 0.000200
Epoch [1288/2000], Loss: 0.0173, LR: 0.000200
Epoch [1289/2000], Loss: 0.0182, LR: 0.000200
Epoch [1290/2000], Loss: 0.0153, LR: 0.000200
Epoch [1291/2000], Loss: 0.0185, LR: 0.000200
Epoch [1292/2000], Loss: 0.0234, LR: 0.000200
Epoch [1293/2000], Loss: 0.0174, LR: 0.000200
Epoch [1294/2000], Loss: 0.0190, LR: 0.000200
Epoch [1295/2000], Loss: 0.0172, LR: 0.000200
Epoch [1296/2000], Loss: 0.0166, LR: 0.000200
Epoch [1297/2000], Loss: 0.0177, LR: 0.000200
Epoch [1298/2000], Loss: 0.0175, LR: 0.000200
Epoch [1299/2000], Loss: 0.0177, LR: 0.000200
Epoch [1300/2000], Loss: 0.0181, LR: 0.000200
Checkpoint saved at epoch 1299
Epoch [1301/2000], Loss: 0.0172, LR: 0.000200
Epoch [1302/2000], Loss: 0.0167, LR: 0.000200
Epoch [1303/2000], Loss: 0.0176, LR: 0.000200
Epoch [1304/2000], Loss: 0.0173, LR: 0.000200
Epoch [1305/2000], Loss: 0.0168, LR: 0.000200
Epoch [1306/2000], Loss: 0.0158, LR: 0.000200
Epoch [1307/2000], Loss: 0.0173, LR: 0.000200
Epoch [1308/2000], Loss: 0.0171, LR: 0.000200
Epoch [1309/2000], Loss: 0.0166, LR: 0.000200
Epoch [1310/2000], Loss: 0.0152, LR: 0.000200
Epoch [1311/2000], Loss: 0.0181, LR: 0.000200
Epoch [1312/2000], Loss: 0.0172, LR: 0.000200
Epoch [1313/2000], Loss: 0.0167, LR: 0.000200
Epoch [1314/2000], Loss: 0.0176, LR: 0.000200
Epoch [1315/2000], Loss: 0.0187, LR: 0.000200
Epoch [1316/2000], Loss: 0.0175, LR: 0.000200
Epoch [1317/2000], Loss: 0.0179, LR: 0.000200
Epoch [1318/2000], Loss: 0.0160, LR: 0.000200
Epoch [1319/2000], Loss: 0.0168, LR: 0.000200
Epoch [1320/2000], Loss: 0.0173, LR: 0.000200
Epoch [1321/2000], Loss: 0.0169, LR: 0.000200
Epoch [1322/2000], Loss: 0.0174, LR: 0.000200
Epoch [1323/2000], Loss: 0.0165, LR: 0.000200
Epoch [1324/2000], Loss: 0.0164, LR: 0.000200
Epoch [1325/2000], Loss: 0.0163, LR: 0.000200
Epoch [1326/2000], Loss: 0.0172, LR: 0.000200
Epoch [1327/2000], Loss: 0.0167, LR: 0.000200
Epoch [1328/2000], Loss: 0.0175, LR: 0.000200
Epoch [1329/2000], Loss: 0.0174, LR: 0.000200
Epoch [1330/2000], Loss: 0.0168, LR: 0.000200
Epoch [1331/2000], Loss: 0.0180, LR: 0.000200
Epoch [1332/2000], Loss: 0.0168, LR: 0.000200
Epoch [1333/2000], Loss: 0.0179, LR: 0.000200
Epoch [1334/2000], Loss: 0.0168, LR: 0.000200
Epoch [1335/2000], Loss: 0.0176, LR: 0.000200
Epoch [1336/2000], Loss: 0.0160, LR: 0.000200
Epoch [1337/2000], Loss: 0.0168, LR: 0.000200
Epoch [1338/2000], Loss: 0.0161, LR: 0.000200
Epoch [1339/2000], Loss: 0.0188, LR: 0.000200
Epoch [1340/2000], Loss: 0.0183, LR: 0.000200
Epoch [1341/2000], Loss: 0.0179, LR: 0.000200
Epoch [1342/2000], Loss: 0.0168, LR: 0.000200
Epoch [1343/2000], Loss: 0.0160, LR: 0.000200
Epoch [1344/2000], Loss: 0.0172, LR: 0.000200
Epoch [1345/2000], Loss: 0.0173, LR: 0.000200
Epoch [1346/2000], Loss: 0.0155, LR: 0.000200
Epoch [1347/2000], Loss: 0.0185, LR: 0.000200
Epoch [1348/2000], Loss: 0.0181, LR: 0.000200
Epoch [1349/2000], Loss: 0.0169, LR: 0.000200
Epoch [1350/2000], Loss: 0.0170, LR: 0.000200
Epoch [1351/2000], Loss: 0.0164, LR: 0.000200
Epoch [1352/2000], Loss: 0.0154, LR: 0.000200
Epoch [1353/2000], Loss: 0.0167, LR: 0.000200
Epoch [1354/2000], Loss: 0.0179, LR: 0.000200
Epoch [1355/2000], Loss: 0.0169, LR: 0.000200
Epoch [1356/2000], Loss: 0.0170, LR: 0.000200
Epoch [1357/2000], Loss: 0.0170, LR: 0.000200
Epoch [1358/2000], Loss: 0.0163, LR: 0.000200
Epoch [1359/2000], Loss: 0.0170, LR: 0.000200
Epoch [1360/2000], Loss: 0.0165, LR: 0.000200
Epoch [1361/2000], Loss: 0.0151, LR: 0.000200
Epoch [1362/2000], Loss: 0.0163, LR: 0.000200
Epoch [1363/2000], Loss: 0.0151, LR: 0.000200
Epoch [1364/2000], Loss: 0.0165, LR: 0.000200
Epoch [1365/2000], Loss: 0.0160, LR: 0.000200
Epoch [1366/2000], Loss: 0.0158, LR: 0.000200
Epoch [1367/2000], Loss: 0.0174, LR: 0.000200
Epoch [1368/2000], Loss: 0.0166, LR: 0.000200
Epoch [1369/2000], Loss: 0.0153, LR: 0.000200
Epoch [1370/2000], Loss: 0.0167, LR: 0.000200
Epoch [1371/2000], Loss: 0.0162, LR: 0.000200
Epoch [1372/2000], Loss: 0.0157, LR: 0.000200
Epoch [1373/2000], Loss: 0.0170, LR: 0.000200
Epoch [1374/2000], Loss: 0.0170, LR: 0.000200
Epoch [1375/2000], Loss: 0.0168, LR: 0.000200
Epoch [1376/2000], Loss: 0.0169, LR: 0.000200
Epoch [1377/2000], Loss: 0.0175, LR: 0.000200
Epoch [1378/2000], Loss: 0.0178, LR: 0.000200
Epoch [1379/2000], Loss: 0.0158, LR: 0.000200
Epoch [1380/2000], Loss: 0.0158, LR: 0.000200
Epoch [1381/2000], Loss: 0.0166, LR: 0.000200
Epoch [1382/2000], Loss: 0.0153, LR: 0.000200
Epoch [1383/2000], Loss: 0.0163, LR: 0.000200
Epoch [1384/2000], Loss: 0.0160, LR: 0.000200
Epoch [1385/2000], Loss: 0.0157, LR: 0.000200
Epoch [1386/2000], Loss: 0.0166, LR: 0.000200
Epoch [1387/2000], Loss: 0.0152, LR: 0.000200
Epoch [1388/2000], Loss: 0.0157, LR: 0.000200
Epoch [1389/2000], Loss: 0.0167, LR: 0.000200
Epoch [1390/2000], Loss: 0.0159, LR: 0.000200
Epoch [1391/2000], Loss: 0.0150, LR: 0.000200
Epoch [1392/2000], Loss: 0.0178, LR: 0.000200
Epoch [1393/2000], Loss: 0.0156, LR: 0.000200
Epoch [1394/2000], Loss: 0.0154, LR: 0.000200
Epoch [1395/2000], Loss: 0.0159, LR: 0.000200
Epoch [1396/2000], Loss: 0.0180, LR: 0.000200
Epoch [1397/2000], Loss: 0.0165, LR: 0.000200
Epoch [1398/2000], Loss: 0.0154, LR: 0.000200
Epoch [1399/2000], Loss: 0.0169, LR: 0.000200
Epoch [1400/2000], Loss: 0.0162, LR: 0.000200
Checkpoint saved at epoch 1399
Epoch [1401/2000], Loss: 0.0158, LR: 0.000200
Epoch [1402/2000], Loss: 0.0158, LR: 0.000200
Epoch [1403/2000], Loss: 0.0168, LR: 0.000200
Epoch [1404/2000], Loss: 0.0186, LR: 0.000200
Epoch [1405/2000], Loss: 0.0169, LR: 0.000200
Epoch [1406/2000], Loss: 0.0174, LR: 0.000200
Epoch [1407/2000], Loss: 0.0159, LR: 0.000200
Epoch [1408/2000], Loss: 0.0170, LR: 0.000200
Epoch [1409/2000], Loss: 0.0167, LR: 0.000200
Epoch [1410/2000], Loss: 0.0151, LR: 0.000200
Epoch [1411/2000], Loss: 0.0173, LR: 0.000200
Epoch [1412/2000], Loss: 0.0148, LR: 0.000200
Epoch [1413/2000], Loss: 0.0160, LR: 0.000200
Epoch [1414/2000], Loss: 0.0160, LR: 0.000200
Epoch [1415/2000], Loss: 0.0149, LR: 0.000200
Epoch [1416/2000], Loss: 0.0178, LR: 0.000200
Epoch [1417/2000], Loss: 0.0166, LR: 0.000200
Epoch [1418/2000], Loss: 0.0153, LR: 0.000200
Epoch [1419/2000], Loss: 0.0165, LR: 0.000200
Epoch [1420/2000], Loss: 0.0167, LR: 0.000200
Epoch [1421/2000], Loss: 0.0153, LR: 0.000200
Epoch [1422/2000], Loss: 0.0164, LR: 0.000200
Epoch [1423/2000], Loss: 0.0154, LR: 0.000200
Epoch [1424/2000], Loss: 0.0168, LR: 0.000200
Epoch [1425/2000], Loss: 0.0158, LR: 0.000200
Epoch [1426/2000], Loss: 0.0152, LR: 0.000200
Epoch [1427/2000], Loss: 0.0144, LR: 0.000200
Epoch [1428/2000], Loss: 0.0162, LR: 0.000200
Epoch [1429/2000], Loss: 0.0166, LR: 0.000200
Epoch [1430/2000], Loss: 0.0169, LR: 0.000200
Epoch [1431/2000], Loss: 0.0170, LR: 0.000200
Epoch [1432/2000], Loss: 0.0159, LR: 0.000200
Epoch [1433/2000], Loss: 0.0156, LR: 0.000200
Epoch [1434/2000], Loss: 0.0155, LR: 0.000200
Epoch [1435/2000], Loss: 0.0158, LR: 0.000200
Epoch [1436/2000], Loss: 0.0153, LR: 0.000200
Epoch [1437/2000], Loss: 0.0155, LR: 0.000200
Epoch [1438/2000], Loss: 0.0171, LR: 0.000200
Epoch [1439/2000], Loss: 0.0163, LR: 0.000200
Epoch [1440/2000], Loss: 0.0166, LR: 0.000200
Epoch [1441/2000], Loss: 0.0152, LR: 0.000200
Epoch [1442/2000], Loss: 0.0153, LR: 0.000200
Epoch [1443/2000], Loss: 0.0163, LR: 0.000200
Epoch [1444/2000], Loss: 0.0154, LR: 0.000200
Epoch [1445/2000], Loss: 0.0150, LR: 0.000200
Epoch [1446/2000], Loss: 0.0157, LR: 0.000200
Epoch [1447/2000], Loss: 0.0161, LR: 0.000200
Epoch [1448/2000], Loss: 0.0168, LR: 0.000200
Epoch [1449/2000], Loss: 0.0139, LR: 0.000200
Epoch [1450/2000], Loss: 0.0170, LR: 0.000200
Epoch [1451/2000], Loss: 0.0156, LR: 0.000200
Epoch [1452/2000], Loss: 0.0174, LR: 0.000200
Epoch [1453/2000], Loss: 0.0152, LR: 0.000200
Epoch [1454/2000], Loss: 0.0160, LR: 0.000200
Epoch [1455/2000], Loss: 0.0145, LR: 0.000200
Epoch [1456/2000], Loss: 0.0160, LR: 0.000200
Epoch [1457/2000], Loss: 0.0146, LR: 0.000200
Epoch [1458/2000], Loss: 0.0163, LR: 0.000200
Epoch [1459/2000], Loss: 0.0151, LR: 0.000200
Epoch [1460/2000], Loss: 0.0158, LR: 0.000200
Epoch [1461/2000], Loss: 0.0168, LR: 0.000200
Epoch [1462/2000], Loss: 0.0175, LR: 0.000200
Epoch [1463/2000], Loss: 0.0147, LR: 0.000200
Epoch [1464/2000], Loss: 0.0164, LR: 0.000200
Epoch [1465/2000], Loss: 0.0158, LR: 0.000200
Epoch [1466/2000], Loss: 0.0168, LR: 0.000200
Epoch [1467/2000], Loss: 0.0168, LR: 0.000200
Epoch [1468/2000], Loss: 0.0154, LR: 0.000200
Epoch [1469/2000], Loss: 0.0168, LR: 0.000200
Epoch [1470/2000], Loss: 0.0160, LR: 0.000200
Epoch [1471/2000], Loss: 0.0155, LR: 0.000200
Epoch [1472/2000], Loss: 0.0153, LR: 0.000200
Epoch [1473/2000], Loss: 0.0167, LR: 0.000200
Epoch [1474/2000], Loss: 0.0165, LR: 0.000200
Epoch [1475/2000], Loss: 0.0142, LR: 0.000200
Epoch [1476/2000], Loss: 0.0153, LR: 0.000200
Epoch [1477/2000], Loss: 0.0160, LR: 0.000200
Epoch [1478/2000], Loss: 0.0156, LR: 0.000200
Epoch [1479/2000], Loss: 0.0185, LR: 0.000200
Epoch [1480/2000], Loss: 0.0154, LR: 0.000200
Epoch [1481/2000], Loss: 0.0157, LR: 0.000200
Epoch [1482/2000], Loss: 0.0157, LR: 0.000200
Epoch [1483/2000], Loss: 0.0153, LR: 0.000200
Epoch [1484/2000], Loss: 0.0185, LR: 0.000200
Epoch [1485/2000], Loss: 0.0143, LR: 0.000200
Epoch [1486/2000], Loss: 0.0161, LR: 0.000200
Epoch [1487/2000], Loss: 0.0143, LR: 0.000200
Epoch [1488/2000], Loss: 0.0151, LR: 0.000200
Epoch [1489/2000], Loss: 0.0145, LR: 0.000200
Epoch [1490/2000], Loss: 0.0171, LR: 0.000200
Epoch [1491/2000], Loss: 0.0157, LR: 0.000200
Epoch [1492/2000], Loss: 0.0174, LR: 0.000200
Epoch [1493/2000], Loss: 0.0170, LR: 0.000200
Epoch [1494/2000], Loss: 0.0150, LR: 0.000200
Epoch [1495/2000], Loss: 0.0158, LR: 0.000200
Epoch [1496/2000], Loss: 0.0160, LR: 0.000200
Epoch [1497/2000], Loss: 0.0163, LR: 0.000200
Epoch [1498/2000], Loss: 0.0167, LR: 0.000200
Epoch [1499/2000], Loss: 0.0148, LR: 0.000200
Epoch [1500/2000], Loss: 0.0166, LR: 0.000200
Checkpoint saved at epoch 1499
Step 900
Step 800
Step 700
Step 600
Step 500
Step 400
Step 300
Step 200
Step 100
Epoch [1501/2000], Loss: 0.0150, LR: 0.000200
Epoch [1502/2000], Loss: 0.0168, LR: 0.000200
Epoch [1503/2000], Loss: 0.0161, LR: 0.000200
Epoch [1504/2000], Loss: 0.0154, LR: 0.000200
Epoch [1505/2000], Loss: 0.0144, LR: 0.000200
Epoch [1506/2000], Loss: 0.0139, LR: 0.000200
Epoch [1507/2000], Loss: 0.0161, LR: 0.000200
Epoch [1508/2000], Loss: 0.0160, LR: 0.000200
Epoch [1509/2000], Loss: 0.0162, LR: 0.000200
Epoch [1510/2000], Loss: 0.0153, LR: 0.000200
Epoch [1511/2000], Loss: 0.0168, LR: 0.000200
Epoch [1512/2000], Loss: 0.0161, LR: 0.000200
Epoch [1513/2000], Loss: 0.0157, LR: 0.000200
Epoch [1514/2000], Loss: 0.0184, LR: 0.000200
Epoch [1515/2000], Loss: 0.0161, LR: 0.000200
Epoch [1516/2000], Loss: 0.0154, LR: 0.000200
Epoch [1517/2000], Loss: 0.0157, LR: 0.000200
Epoch [1518/2000], Loss: 0.0157, LR: 0.000200
Epoch [1519/2000], Loss: 0.0150, LR: 0.000200
Epoch [1520/2000], Loss: 0.0156, LR: 0.000200
Epoch [1521/2000], Loss: 0.0149, LR: 0.000200
Epoch [1522/2000], Loss: 0.0161, LR: 0.000200
Epoch [1523/2000], Loss: 0.0160, LR: 0.000200
Epoch [1524/2000], Loss: 0.0158, LR: 0.000200
Epoch [1525/2000], Loss: 0.0166, LR: 0.000200
Epoch [1526/2000], Loss: 0.0161, LR: 0.000200
Epoch [1527/2000], Loss: 0.0162, LR: 0.000200
Epoch [1528/2000], Loss: 0.0159, LR: 0.000200
Epoch [1529/2000], Loss: 0.0147, LR: 0.000200
Epoch [1530/2000], Loss: 0.0163, LR: 0.000200
Epoch [1531/2000], Loss: 0.0174, LR: 0.000200
Epoch [1532/2000], Loss: 0.0156, LR: 0.000200
Epoch [1533/2000], Loss: 0.0167, LR: 0.000200
Epoch [1534/2000], Loss: 0.0162, LR: 0.000200
Epoch [1535/2000], Loss: 0.0162, LR: 0.000200
Epoch [1536/2000], Loss: 0.0152, LR: 0.000200
Epoch [1537/2000], Loss: 0.0162, LR: 0.000200
Epoch [1538/2000], Loss: 0.0148, LR: 0.000200
Epoch [1539/2000], Loss: 0.0174, LR: 0.000200
Epoch [1540/2000], Loss: 0.0155, LR: 0.000200
Epoch [1541/2000], Loss: 0.0142, LR: 0.000200
Epoch [1542/2000], Loss: 0.0163, LR: 0.000200
Epoch [1543/2000], Loss: 0.0137, LR: 0.000200
Epoch [1544/2000], Loss: 0.0160, LR: 0.000200
Epoch [1545/2000], Loss: 0.0167, LR: 0.000200
Epoch [1546/2000], Loss: 0.0159, LR: 0.000200
Epoch [1547/2000], Loss: 0.0154, LR: 0.000200
Epoch [1548/2000], Loss: 0.0155, LR: 0.000200
Epoch [1549/2000], Loss: 0.0155, LR: 0.000200
Epoch [1550/2000], Loss: 0.0159, LR: 0.000200
Epoch [1551/2000], Loss: 0.0164, LR: 0.000200
Epoch [1552/2000], Loss: 0.0142, LR: 0.000200
Epoch [1553/2000], Loss: 0.0160, LR: 0.000200
Epoch [1554/2000], Loss: 0.0155, LR: 0.000200
Epoch [1555/2000], Loss: 0.0159, LR: 0.000200
Epoch [1556/2000], Loss: 0.0163, LR: 0.000200
Epoch [1557/2000], Loss: 0.0154, LR: 0.000200
Epoch [1558/2000], Loss: 0.0147, LR: 0.000200
Epoch [1559/2000], Loss: 0.0145, LR: 0.000200
Epoch [1560/2000], Loss: 0.0159, LR: 0.000200
Epoch [1561/2000], Loss: 0.0162, LR: 0.000200
Epoch [1562/2000], Loss: 0.0164, LR: 0.000200
Epoch [1563/2000], Loss: 0.0161, LR: 0.000200
Epoch [1564/2000], Loss: 0.0173, LR: 0.000200
Epoch [1565/2000], Loss: 0.0165, LR: 0.000200
Epoch [1566/2000], Loss: 0.0154, LR: 0.000200
Epoch [1567/2000], Loss: 0.0161, LR: 0.000200
Epoch [1568/2000], Loss: 0.0151, LR: 0.000200
Epoch [1569/2000], Loss: 0.0147, LR: 0.000200
Epoch [1570/2000], Loss: 0.0162, LR: 0.000200
Epoch [1571/2000], Loss: 0.0150, LR: 0.000200
Epoch [1572/2000], Loss: 0.0165, LR: 0.000200
Epoch [1573/2000], Loss: 0.0152, LR: 0.000200
Epoch [1574/2000], Loss: 0.0160, LR: 0.000200
Epoch [1575/2000], Loss: 0.0140, LR: 0.000200
Epoch [1576/2000], Loss: 0.0159, LR: 0.000200
Epoch [1577/2000], Loss: 0.0152, LR: 0.000200
Epoch [1578/2000], Loss: 0.0155, LR: 0.000200
Epoch [1579/2000], Loss: 0.0151, LR: 0.000200
Epoch [1580/2000], Loss: 0.0132, LR: 0.000200
Epoch [1581/2000], Loss: 0.0143, LR: 0.000200
Epoch [1582/2000], Loss: 0.0146, LR: 0.000200
Epoch [1583/2000], Loss: 0.0158, LR: 0.000200
Epoch [1584/2000], Loss: 0.0155, LR: 0.000200
Epoch [1585/2000], Loss: 0.0157, LR: 0.000200
Epoch [1586/2000], Loss: 0.0166, LR: 0.000200
Epoch [1587/2000], Loss: 0.0151, LR: 0.000200
Epoch [1588/2000], Loss: 0.0139, LR: 0.000200
Epoch [1589/2000], Loss: 0.0163, LR: 0.000200
Epoch [1590/2000], Loss: 0.0159, LR: 0.000200
Epoch [1591/2000], Loss: 0.0157, LR: 0.000200
Epoch [1592/2000], Loss: 0.0139, LR: 0.000200
Epoch [1593/2000], Loss: 0.0155, LR: 0.000200
Epoch [1594/2000], Loss: 0.0152, LR: 0.000200
Epoch [1595/2000], Loss: 0.0161, LR: 0.000200
Epoch [1596/2000], Loss: 0.0151, LR: 0.000200
Epoch [1597/2000], Loss: 0.0154, LR: 0.000200
Epoch [1598/2000], Loss: 0.0151, LR: 0.000200
Epoch [1599/2000], Loss: 0.0148, LR: 0.000200
Epoch [1600/2000], Loss: 0.0151, LR: 0.000200
Checkpoint saved at epoch 1599
Epoch [1601/2000], Loss: 0.0151, LR: 0.000200
Epoch [1602/2000], Loss: 0.0163, LR: 0.000200
Epoch [1603/2000], Loss: 0.0157, LR: 0.000200
Epoch [1604/2000], Loss: 0.0151, LR: 0.000200
Epoch [1605/2000], Loss: 0.0149, LR: 0.000200
Epoch [1606/2000], Loss: 0.0155, LR: 0.000200
Epoch [1607/2000], Loss: 0.0138, LR: 0.000200
Epoch [1608/2000], Loss: 0.0144, LR: 0.000200
Epoch [1609/2000], Loss: 0.0148, LR: 0.000200
Epoch [1610/2000], Loss: 0.0145, LR: 0.000200
Epoch [1611/2000], Loss: 0.0150, LR: 0.000200
Epoch [1612/2000], Loss: 0.0142, LR: 0.000200
Epoch [1613/2000], Loss: 0.0145, LR: 0.000200
Epoch [1614/2000], Loss: 0.0167, LR: 0.000200
Epoch [1615/2000], Loss: 0.0146, LR: 0.000200
Epoch [1616/2000], Loss: 0.0149, LR: 0.000200
Epoch [1617/2000], Loss: 0.0146, LR: 0.000200
Epoch [1618/2000], Loss: 0.0176, LR: 0.000200
Epoch [1619/2000], Loss: 0.0143, LR: 0.000200
Epoch [1620/2000], Loss: 0.0141, LR: 0.000200
Epoch [1621/2000], Loss: 0.0151, LR: 0.000200
Epoch [1622/2000], Loss: 0.0151, LR: 0.000200
Epoch [1623/2000], Loss: 0.0160, LR: 0.000200
Epoch [1624/2000], Loss: 0.0157, LR: 0.000200
Epoch [1625/2000], Loss: 0.0134, LR: 0.000200
Epoch [1626/2000], Loss: 0.0145, LR: 0.000200
Epoch [1627/2000], Loss: 0.0137, LR: 0.000200
Epoch [1628/2000], Loss: 0.0147, LR: 0.000200
Epoch [1629/2000], Loss: 0.0144, LR: 0.000200
Epoch [1630/2000], Loss: 0.0154, LR: 0.000200
Epoch [1631/2000], Loss: 0.0162, LR: 0.000200
Epoch [1632/2000], Loss: 0.0158, LR: 0.000200
Epoch [1633/2000], Loss: 0.0155, LR: 0.000200
Epoch [1634/2000], Loss: 0.0145, LR: 0.000200
Epoch [1635/2000], Loss: 0.0157, LR: 0.000200
Epoch [1636/2000], Loss: 0.0155, LR: 0.000200
Epoch [1637/2000], Loss: 0.0160, LR: 0.000200
Epoch [1638/2000], Loss: 0.0155, LR: 0.000200
Epoch [1639/2000], Loss: 0.0153, LR: 0.000200
Epoch [1640/2000], Loss: 0.0150, LR: 0.000200
Epoch [1641/2000], Loss: 0.0165, LR: 0.000200
Epoch [1642/2000], Loss: 0.0154, LR: 0.000200
Epoch [1643/2000], Loss: 0.0139, LR: 0.000200
Epoch [1644/2000], Loss: 0.0152, LR: 0.000200
Epoch [1645/2000], Loss: 0.0148, LR: 0.000200
Epoch [1646/2000], Loss: 0.0139, LR: 0.000200
Epoch [1647/2000], Loss: 0.0150, LR: 0.000200
Epoch [1648/2000], Loss: 0.0155, LR: 0.000200
Epoch [1649/2000], Loss: 0.0157, LR: 0.000200
Epoch [1650/2000], Loss: 0.0141, LR: 0.000200
Epoch [1651/2000], Loss: 0.0148, LR: 0.000200
Epoch [1652/2000], Loss: 0.0162, LR: 0.000200
Epoch [1653/2000], Loss: 0.0165, LR: 0.000200
Epoch [1654/2000], Loss: 0.0161, LR: 0.000200
Epoch [1655/2000], Loss: 0.0160, LR: 0.000200
Epoch [1656/2000], Loss: 0.0147, LR: 0.000200
Epoch [1657/2000], Loss: 0.0152, LR: 0.000200
Epoch [1658/2000], Loss: 0.0150, LR: 0.000200
Epoch [1659/2000], Loss: 0.0158, LR: 0.000200
Epoch [1660/2000], Loss: 0.0150, LR: 0.000200
Epoch [1661/2000], Loss: 0.0160, LR: 0.000200
Epoch [1662/2000], Loss: 0.0153, LR: 0.000200
Epoch [1663/2000], Loss: 0.0154, LR: 0.000200
Epoch [1664/2000], Loss: 0.0164, LR: 0.000200
Epoch [1665/2000], Loss: 0.0159, LR: 0.000200
Epoch [1666/2000], Loss: 0.0133, LR: 0.000200
Epoch [1667/2000], Loss: 0.0150, LR: 0.000200
Epoch [1668/2000], Loss: 0.0146, LR: 0.000200
Epoch [1669/2000], Loss: 0.0153, LR: 0.000200
Epoch [1670/2000], Loss: 0.0166, LR: 0.000200
Epoch [1671/2000], Loss: 0.0149, LR: 0.000200
Epoch [1672/2000], Loss: 0.0150, LR: 0.000200
Epoch [1673/2000], Loss: 0.0141, LR: 0.000200
Epoch [1674/2000], Loss: 0.0161, LR: 0.000200
Epoch [1675/2000], Loss: 0.0159, LR: 0.000200
Epoch [1676/2000], Loss: 0.0140, LR: 0.000200
Epoch [1677/2000], Loss: 0.0146, LR: 0.000200
Epoch [1678/2000], Loss: 0.0143, LR: 0.000200
Epoch [1679/2000], Loss: 0.0157, LR: 0.000200
Epoch [1680/2000], Loss: 0.0159, LR: 0.000200
Epoch [1681/2000], Loss: 0.0145, LR: 0.000200
Epoch [1682/2000], Loss: 0.0155, LR: 0.000200
Epoch [1683/2000], Loss: 0.0149, LR: 0.000200
Epoch [1684/2000], Loss: 0.0146, LR: 0.000200
Epoch [1685/2000], Loss: 0.0155, LR: 0.000200
Epoch [1686/2000], Loss: 0.0156, LR: 0.000200
Epoch [1687/2000], Loss: 0.0141, LR: 0.000200
Epoch [1688/2000], Loss: 0.0153, LR: 0.000200
Epoch [1689/2000], Loss: 0.0146, LR: 0.000200
Epoch [1690/2000], Loss: 0.0145, LR: 0.000200
Epoch [1691/2000], Loss: 0.0158, LR: 0.000200
Epoch [1692/2000], Loss: 0.0155, LR: 0.000200
Epoch [1693/2000], Loss: 0.0138, LR: 0.000200
Epoch [1694/2000], Loss: 0.0140, LR: 0.000200
Epoch [1695/2000], Loss: 0.0165, LR: 0.000200
Epoch [1696/2000], Loss: 0.0141, LR: 0.000200
Epoch [1697/2000], Loss: 0.0147, LR: 0.000200
Epoch [1698/2000], Loss: 0.0142, LR: 0.000200
Epoch [1699/2000], Loss: 0.0157, LR: 0.000200
Epoch [1700/2000], Loss: 0.0141, LR: 0.000200
Checkpoint saved at epoch 1699
Epoch [1701/2000], Loss: 0.0145, LR: 0.000200
Epoch [1702/2000], Loss: 0.0142, LR: 0.000200
Epoch [1703/2000], Loss: 0.0155, LR: 0.000200
Epoch [1704/2000], Loss: 0.0152, LR: 0.000200
Epoch [1705/2000], Loss: 0.0149, LR: 0.000200
Epoch [1706/2000], Loss: 0.0130, LR: 0.000200
Epoch [1707/2000], Loss: 0.0159, LR: 0.000200
Epoch [1708/2000], Loss: 0.0164, LR: 0.000200
Epoch [1709/2000], Loss: 0.0145, LR: 0.000200
Epoch [1710/2000], Loss: 0.0147, LR: 0.000200
Epoch [1711/2000], Loss: 0.0159, LR: 0.000200
Epoch [1712/2000], Loss: 0.0147, LR: 0.000200
Epoch [1713/2000], Loss: 0.0158, LR: 0.000200
Epoch [1714/2000], Loss: 0.0152, LR: 0.000200
Epoch [1715/2000], Loss: 0.0148, LR: 0.000200
Epoch [1716/2000], Loss: 0.0164, LR: 0.000200
Epoch [1717/2000], Loss: 0.0166, LR: 0.000200
Epoch [1718/2000], Loss: 0.0142, LR: 0.000200
Epoch [1719/2000], Loss: 0.0153, LR: 0.000200
Epoch [1720/2000], Loss: 0.0151, LR: 0.000200
Epoch [1721/2000], Loss: 0.0158, LR: 0.000200
Epoch [1722/2000], Loss: 0.0147, LR: 0.000200
Epoch [1723/2000], Loss: 0.0154, LR: 0.000200
Epoch [1724/2000], Loss: 0.0145, LR: 0.000200
Epoch [1725/2000], Loss: 0.0155, LR: 0.000200
Epoch [1726/2000], Loss: 0.0135, LR: 0.000200
Epoch [1727/2000], Loss: 0.0151, LR: 0.000200
Epoch [1728/2000], Loss: 0.0212, LR: 0.000200
Epoch [1729/2000], Loss: 0.0190, LR: 0.000200
Epoch [1730/2000], Loss: 0.0153, LR: 0.000200
Epoch [1731/2000], Loss: 0.0176, LR: 0.000200
Epoch [1732/2000], Loss: 0.0142, LR: 0.000200
Epoch [1733/2000], Loss: 0.0153, LR: 0.000200
Epoch [1734/2000], Loss: 0.0147, LR: 0.000200
Epoch [1735/2000], Loss: 0.0135, LR: 0.000200
Epoch [1736/2000], Loss: 0.0139, LR: 0.000200
Epoch [1737/2000], Loss: 0.0167, LR: 0.000200
Epoch [1738/2000], Loss: 0.0158, LR: 0.000200
Epoch [1739/2000], Loss: 0.0125, LR: 0.000200
Epoch [1740/2000], Loss: 0.0138, LR: 0.000200
Epoch [1741/2000], Loss: 0.0149, LR: 0.000200
Epoch [1742/2000], Loss: 0.0139, LR: 0.000200
Epoch [1743/2000], Loss: 0.0157, LR: 0.000200
Epoch [1744/2000], Loss: 0.0149, LR: 0.000200
Epoch [1745/2000], Loss: 0.0141, LR: 0.000200
Epoch [1746/2000], Loss: 0.0149, LR: 0.000200
Epoch [1747/2000], Loss: 0.0143, LR: 0.000200
Epoch [1748/2000], Loss: 0.0138, LR: 0.000200
Epoch [1749/2000], Loss: 0.0160, LR: 0.000200
Epoch [1750/2000], Loss: 0.0144, LR: 0.000200
Epoch [1751/2000], Loss: 0.0154, LR: 0.000200
Epoch [1752/2000], Loss: 0.0136, LR: 0.000200
Epoch [1753/2000], Loss: 0.0149, LR: 0.000200
Epoch [1754/2000], Loss: 0.0156, LR: 0.000200
Epoch [1755/2000], Loss: 0.0145, LR: 0.000200
Epoch [1756/2000], Loss: 0.0131, LR: 0.000200
Epoch [1757/2000], Loss: 0.0158, LR: 0.000200
Epoch [1758/2000], Loss: 0.0148, LR: 0.000200
Epoch [1759/2000], Loss: 0.0147, LR: 0.000200
Epoch [1760/2000], Loss: 0.0153, LR: 0.000200
Epoch [1761/2000], Loss: 0.0136, LR: 0.000200
Epoch [1762/2000], Loss: 0.0148, LR: 0.000200
Epoch [1763/2000], Loss: 0.0143, LR: 0.000200
Epoch [1764/2000], Loss: 0.0161, LR: 0.000200
Epoch [1765/2000], Loss: 0.0147, LR: 0.000200
Epoch [1766/2000], Loss: 0.0136, LR: 0.000200
Epoch [1767/2000], Loss: 0.0159, LR: 0.000200
Epoch [1768/2000], Loss: 0.0142, LR: 0.000200
Epoch [1769/2000], Loss: 0.0144, LR: 0.000200
Epoch [1770/2000], Loss: 0.0142, LR: 0.000200
Epoch [1771/2000], Loss: 0.0142, LR: 0.000200
Epoch [1772/2000], Loss: 0.0146, LR: 0.000200
Epoch [1773/2000], Loss: 0.0157, LR: 0.000200
Epoch [1774/2000], Loss: 0.0146, LR: 0.000200
Epoch [1775/2000], Loss: 0.0134, LR: 0.000200
Epoch [1776/2000], Loss: 0.0138, LR: 0.000200
Epoch [1777/2000], Loss: 0.0159, LR: 0.000200
Epoch [1778/2000], Loss: 0.0153, LR: 0.000200
Epoch [1779/2000], Loss: 0.0147, LR: 0.000200
Epoch [1780/2000], Loss: 0.0145, LR: 0.000200
Epoch [1781/2000], Loss: 0.0153, LR: 0.000200
Epoch [1782/2000], Loss: 0.0142, LR: 0.000200
Epoch [1783/2000], Loss: 0.0153, LR: 0.000200
Epoch [1784/2000], Loss: 0.0150, LR: 0.000200
Epoch [1785/2000], Loss: 0.0140, LR: 0.000200
Epoch [1786/2000], Loss: 0.0137, LR: 0.000200
Epoch [1787/2000], Loss: 0.0139, LR: 0.000200
Epoch [1788/2000], Loss: 0.0154, LR: 0.000200
Epoch [1789/2000], Loss: 0.0137, LR: 0.000200
Epoch [1790/2000], Loss: 0.0146, LR: 0.000200
Epoch [1791/2000], Loss: 0.0141, LR: 0.000200
Epoch [1792/2000], Loss: 0.0139, LR: 0.000200
Epoch [1793/2000], Loss: 0.0146, LR: 0.000200
Epoch [1794/2000], Loss: 0.0154, LR: 0.000200
Epoch [1795/2000], Loss: 0.0135, LR: 0.000200
Epoch [1796/2000], Loss: 0.0155, LR: 0.000200
Epoch [1797/2000], Loss: 0.0135, LR: 0.000200
Epoch [1798/2000], Loss: 0.0143, LR: 0.000200
Epoch [1799/2000], Loss: 0.0148, LR: 0.000200
Epoch [1800/2000], Loss: 0.0154, LR: 0.000200
Checkpoint saved at epoch 1799
Step 900
Step 800
Step 700
Step 600
Step 500
Step 400
Step 300
Step 200
Step 100
Epoch [1801/2000], Loss: 0.0150, LR: 0.000200
Epoch [1802/2000], Loss: 0.0146, LR: 0.000200
Epoch [1803/2000], Loss: 0.0143, LR: 0.000200
Epoch [1804/2000], Loss: 0.0151, LR: 0.000200
Epoch [1805/2000], Loss: 0.0152, LR: 0.000200
Epoch [1806/2000], Loss: 0.0162, LR: 0.000200
Epoch [1807/2000], Loss: 0.0131, LR: 0.000200
Epoch [1808/2000], Loss: 0.0143, LR: 0.000200
Epoch [1809/2000], Loss: 0.0128, LR: 0.000200
Epoch [1810/2000], Loss: 0.0141, LR: 0.000200
Epoch [1811/2000], Loss: 0.0133, LR: 0.000200
Epoch [1812/2000], Loss: 0.0134, LR: 0.000200
Epoch [1813/2000], Loss: 0.0156, LR: 0.000200
Epoch [1814/2000], Loss: 0.0145, LR: 0.000200
Epoch [1815/2000], Loss: 0.0143, LR: 0.000200
Epoch [1816/2000], Loss: 0.0156, LR: 0.000200
Epoch [1817/2000], Loss: 0.0153, LR: 0.000200
Epoch [1818/2000], Loss: 0.0143, LR: 0.000200
Epoch [1819/2000], Loss: 0.0131, LR: 0.000200
Epoch [1820/2000], Loss: 0.0152, LR: 0.000200
Epoch [1821/2000], Loss: 0.0143, LR: 0.000200
Epoch [1822/2000], Loss: 0.0137, LR: 0.000200
Epoch [1823/2000], Loss: 0.0142, LR: 0.000200
Epoch [1824/2000], Loss: 0.0144, LR: 0.000200
Epoch [1825/2000], Loss: 0.0135, LR: 0.000200
Epoch [1826/2000], Loss: 0.0144, LR: 0.000200
Epoch [1827/2000], Loss: 0.0143, LR: 0.000200
Epoch [1828/2000], Loss: 0.0150, LR: 0.000200
Epoch [1829/2000], Loss: 0.0145, LR: 0.000200
Epoch [1830/2000], Loss: 0.0145, LR: 0.000200
Epoch [1831/2000], Loss: 0.0165, LR: 0.000200
Epoch [1832/2000], Loss: 0.0142, LR: 0.000200
Epoch [1833/2000], Loss: 0.0159, LR: 0.000200
Epoch [1834/2000], Loss: 0.0154, LR: 0.000200
Epoch [1835/2000], Loss: 0.0141, LR: 0.000200
Epoch [1836/2000], Loss: 0.0140, LR: 0.000200
Epoch [1837/2000], Loss: 0.0139, LR: 0.000200
Epoch [1838/2000], Loss: 0.0132, LR: 0.000200
Epoch [1839/2000], Loss: 0.0139, LR: 0.000200
Epoch [1840/2000], Loss: 0.0127, LR: 0.000200
Epoch [1841/2000], Loss: 0.0148, LR: 0.000200
Epoch [1842/2000], Loss: 0.0150, LR: 0.000200
Epoch [1843/2000], Loss: 0.0156, LR: 0.000200
Epoch [1844/2000], Loss: 0.0134, LR: 0.000200
Epoch [1845/2000], Loss: 0.0142, LR: 0.000200
Epoch [1846/2000], Loss: 0.0152, LR: 0.000200
Epoch [1847/2000], Loss: 0.0137, LR: 0.000200
Epoch [1848/2000], Loss: 0.0147, LR: 0.000200
Epoch [1849/2000], Loss: 0.0143, LR: 0.000200
Epoch [1850/2000], Loss: 0.0150, LR: 0.000200
Epoch [1851/2000], Loss: 0.0146, LR: 0.000200
Epoch [1852/2000], Loss: 0.0170, LR: 0.000200
Epoch [1853/2000], Loss: 0.0142, LR: 0.000200
Epoch [1854/2000], Loss: 0.0150, LR: 0.000200
Epoch [1855/2000], Loss: 0.0140, LR: 0.000200
Epoch [1856/2000], Loss: 0.0152, LR: 0.000200
Epoch [1857/2000], Loss: 0.0159, LR: 0.000200
Epoch [1858/2000], Loss: 0.0146, LR: 0.000200
Epoch [1859/2000], Loss: 0.0128, LR: 0.000200
Epoch [1860/2000], Loss: 0.0137, LR: 0.000200
Epoch [1861/2000], Loss: 0.0160, LR: 0.000200
Epoch [1862/2000], Loss: 0.0154, LR: 0.000200
Epoch [1863/2000], Loss: 0.0150, LR: 0.000200
Epoch [1864/2000], Loss: 0.0155, LR: 0.000200
Epoch [1865/2000], Loss: 0.0146, LR: 0.000200
Epoch [1866/2000], Loss: 0.0128, LR: 0.000200
Epoch [1867/2000], Loss: 0.0143, LR: 0.000200
Epoch [1868/2000], Loss: 0.0140, LR: 0.000200
Epoch [1869/2000], Loss: 0.0144, LR: 0.000200
Epoch [1870/2000], Loss: 0.0141, LR: 0.000200
Epoch [1871/2000], Loss: 0.0147, LR: 0.000200
Epoch [1872/2000], Loss: 0.0144, LR: 0.000200
Epoch [1873/2000], Loss: 0.0151, LR: 0.000200
Epoch [1874/2000], Loss: 0.0149, LR: 0.000200
Epoch [1875/2000], Loss: 0.0129, LR: 0.000200
Epoch [1876/2000], Loss: 0.0153, LR: 0.000200
Epoch [1877/2000], Loss: 0.0129, LR: 0.000200
Epoch [1878/2000], Loss: 0.0144, LR: 0.000200
Epoch [1879/2000], Loss: 0.0142, LR: 0.000200
Epoch [1880/2000], Loss: 0.0154, LR: 0.000200
Epoch [1881/2000], Loss: 0.0134, LR: 0.000200
Epoch [1882/2000], Loss: 0.0144, LR: 0.000200
Epoch [1883/2000], Loss: 0.0142, LR: 0.000200
Epoch [1884/2000], Loss: 0.0144, LR: 0.000200
Epoch [1885/2000], Loss: 0.0141, LR: 0.000200
Epoch [1886/2000], Loss: 0.0141, LR: 0.000200
Epoch [1887/2000], Loss: 0.0153, LR: 0.000200
Epoch [1888/2000], Loss: 0.0142, LR: 0.000200
Epoch [1889/2000], Loss: 0.0157, LR: 0.000200
Epoch [1890/2000], Loss: 0.0147, LR: 0.000200
Epoch [1891/2000], Loss: 0.0139, LR: 0.000200
Epoch [1892/2000], Loss: 0.0143, LR: 0.000200
Epoch [1893/2000], Loss: 0.0148, LR: 0.000200
Epoch [1894/2000], Loss: 0.0135, LR: 0.000200
Epoch [1895/2000], Loss: 0.0150, LR: 0.000200
Epoch [1896/2000], Loss: 0.0144, LR: 0.000200
Epoch [1897/2000], Loss: 0.0155, LR: 0.000200
Epoch [1898/2000], Loss: 0.0145, LR: 0.000200
Epoch [1899/2000], Loss: 0.0132, LR: 0.000200
Epoch [1900/2000], Loss: 0.0136, LR: 0.000200
Checkpoint saved at epoch 1899
Epoch [1901/2000], Loss: 0.0135, LR: 0.000200
Epoch [1902/2000], Loss: 0.0149, LR: 0.000200
Epoch [1903/2000], Loss: 0.0139, LR: 0.000200
Epoch [1904/2000], Loss: 0.0148, LR: 0.000200
Epoch [1905/2000], Loss: 0.0156, LR: 0.000200
Epoch [1906/2000], Loss: 0.0144, LR: 0.000200
Epoch [1907/2000], Loss: 0.0151, LR: 0.000200
Epoch [1908/2000], Loss: 0.0137, LR: 0.000200
Epoch [1909/2000], Loss: 0.0138, LR: 0.000200
Epoch [1910/2000], Loss: 0.0143, LR: 0.000200
Epoch [1911/2000], Loss: 0.0147, LR: 0.000200
Epoch [1912/2000], Loss: 0.0149, LR: 0.000200
Epoch [1913/2000], Loss: 0.0137, LR: 0.000200
Epoch [1914/2000], Loss: 0.0128, LR: 0.000200
Epoch [1915/2000], Loss: 0.0142, LR: 0.000200
Epoch [1916/2000], Loss: 0.0152, LR: 0.000200
Epoch [1917/2000], Loss: 0.0147, LR: 0.000200
Epoch [1918/2000], Loss: 0.0133, LR: 0.000200
Epoch [1919/2000], Loss: 0.0161, LR: 0.000200
Epoch [1920/2000], Loss: 0.0144, LR: 0.000200
Epoch [1921/2000], Loss: 0.0129, LR: 0.000200
Epoch [1922/2000], Loss: 0.0143, LR: 0.000200
Epoch [1923/2000], Loss: 0.0142, LR: 0.000200
Epoch [1924/2000], Loss: 0.0153, LR: 0.000200
Epoch [1925/2000], Loss: 0.0136, LR: 0.000200
Epoch [1926/2000], Loss: 0.0142, LR: 0.000200
Epoch [1927/2000], Loss: 0.0158, LR: 0.000200
Epoch [1928/2000], Loss: 0.0141, LR: 0.000200
Epoch [1929/2000], Loss: 0.0137, LR: 0.000200
Epoch [1930/2000], Loss: 0.0143, LR: 0.000200
Epoch [1931/2000], Loss: 0.0131, LR: 0.000200
Epoch [1932/2000], Loss: 0.0142, LR: 0.000200
Epoch [1933/2000], Loss: 0.0138, LR: 0.000200
Epoch [1934/2000], Loss: 0.0134, LR: 0.000200
Epoch [1935/2000], Loss: 0.0154, LR: 0.000200
Epoch [1936/2000], Loss: 0.0151, LR: 0.000200
Epoch [1937/2000], Loss: 0.0144, LR: 0.000200
Epoch [1938/2000], Loss: 0.0122, LR: 0.000200
Epoch [1939/2000], Loss: 0.0136, LR: 0.000200
Epoch [1940/2000], Loss: 0.0131, LR: 0.000200
Epoch [1941/2000], Loss: 0.0136, LR: 0.000200
Epoch [1942/2000], Loss: 0.0147, LR: 0.000200
Epoch [1943/2000], Loss: 0.0144, LR: 0.000200
Epoch [1944/2000], Loss: 0.0139, LR: 0.000200
Epoch [1945/2000], Loss: 0.0138, LR: 0.000200
Epoch [1946/2000], Loss: 0.0136, LR: 0.000200
Epoch [1947/2000], Loss: 0.0143, LR: 0.000200
Epoch [1948/2000], Loss: 0.0146, LR: 0.000200
Epoch [1949/2000], Loss: 0.0149, LR: 0.000200
Epoch [1950/2000], Loss: 0.0141, LR: 0.000200
Epoch [1951/2000], Loss: 0.0136, LR: 0.000200
Epoch [1952/2000], Loss: 0.0164, LR: 0.000200
Epoch [1953/2000], Loss: 0.0136, LR: 0.000200
Epoch [1954/2000], Loss: 0.0142, LR: 0.000200
Epoch [1955/2000], Loss: 0.0144, LR: 0.000200
Epoch [1956/2000], Loss: 0.0136, LR: 0.000200
Epoch [1957/2000], Loss: 0.0151, LR: 0.000200
Epoch [1958/2000], Loss: 0.0143, LR: 0.000200
Epoch [1959/2000], Loss: 0.0138, LR: 0.000200
Epoch [1960/2000], Loss: 0.0133, LR: 0.000200
Epoch [1961/2000], Loss: 0.0133, LR: 0.000200
Epoch [1962/2000], Loss: 0.0148, LR: 0.000200
Epoch [1963/2000], Loss: 0.0131, LR: 0.000200
Epoch [1964/2000], Loss: 0.0148, LR: 0.000200
Epoch [1965/2000], Loss: 0.0136, LR: 0.000200
Epoch [1966/2000], Loss: 0.0142, LR: 0.000200
Epoch [1967/2000], Loss: 0.0136, LR: 0.000200
Epoch [1968/2000], Loss: 0.0135, LR: 0.000200
Epoch [1969/2000], Loss: 0.0141, LR: 0.000200
Epoch [1970/2000], Loss: 0.0134, LR: 0.000200
Epoch [1971/2000], Loss: 0.0138, LR: 0.000200
Epoch [1972/2000], Loss: 0.0140, LR: 0.000200
Epoch [1973/2000], Loss: 0.0146, LR: 0.000200
Epoch [1974/2000], Loss: 0.0158, LR: 0.000200
Epoch [1975/2000], Loss: 0.0128, LR: 0.000200
Epoch [1976/2000], Loss: 0.0161, LR: 0.000200
Epoch [1977/2000], Loss: 0.0134, LR: 0.000200
Epoch [1978/2000], Loss: 0.0143, LR: 0.000200
Epoch [1979/2000], Loss: 0.0133, LR: 0.000200
Epoch [1980/2000], Loss: 0.0134, LR: 0.000200
Epoch [1981/2000], Loss: 0.0145, LR: 0.000200
Epoch [1982/2000], Loss: 0.0125, LR: 0.000200
Epoch [1983/2000], Loss: 0.0159, LR: 0.000200
Epoch [1984/2000], Loss: 0.0140, LR: 0.000200
Epoch [1985/2000], Loss: 0.0131, LR: 0.000200
Epoch [1986/2000], Loss: 0.0148, LR: 0.000200
Epoch [1987/2000], Loss: 0.0134, LR: 0.000200
Epoch [1988/2000], Loss: 0.0148, LR: 0.000200
Epoch [1989/2000], Loss: 0.0148, LR: 0.000200
Epoch [1990/2000], Loss: 0.0148, LR: 0.000200
Epoch [1991/2000], Loss: 0.0156, LR: 0.000200
Epoch [1992/2000], Loss: 0.0141, LR: 0.000200
Epoch [1993/2000], Loss: 0.0142, LR: 0.000200
Epoch [1994/2000], Loss: 0.0137, LR: 0.000200
Epoch [1995/2000], Loss: 0.0137, LR: 0.000200
Epoch [1996/2000], Loss: 0.0141, LR: 0.000200
Epoch [1997/2000], Loss: 0.0143, LR: 0.000200
Epoch [1998/2000], Loss: 0.0138, LR: 0.000200
Epoch [1999/2000], Loss: 0.0143, LR: 0.000200
Epoch [2000/2000], Loss: 0.0144, LR: 0.000200
Checkpoint saved at epoch 1999
Checkpoint saved at epoch 1999
Step 900
Step 800
Step 700
Step 600
Step 500
Step 400
Step 300
Step 200
Step 100
Step 900
Step 800
Step 700
Step 600
Step 500
Step 400
Step 300
Step 200
Step 100
Step 900
Step 800
Step 700
Step 600
Step 500
Step 400
Step 300
Step 200
Step 100
Step 900
Step 800
Step 700
Step 600
Step 500
Step 400
Step 300
Step 200
Step 100
Step 900
Step 800
Step 700
Step 600
Step 500
Step 400
Step 300
Step 200
Step 100
